Component: ARM Compiler 5.06 update 6 (build 750) Tool: armlink [4d35ed]

==============================================================================

Section Cross References

    startup_stm32f412vx.o(RESET) refers to startup_stm32f412vx.o(STACK) for __initial_sp
    startup_stm32f412vx.o(RESET) refers to startup_stm32f412vx.o(.text) for Reset_Handler
    startup_stm32f412vx.o(RESET) refers to stm32f4xx_it.o(i.NMI_Handler) for NMI_Handler
    startup_stm32f412vx.o(RESET) refers to stm32f4xx_it.o(i.HardFault_Handler) for HardFault_Handler
    startup_stm32f412vx.o(RESET) refers to stm32f4xx_it.o(i.MemManage_Handler) for MemManage_Handler
    startup_stm32f412vx.o(RESET) refers to stm32f4xx_it.o(i.BusFault_Handler) for BusFault_Handler
    startup_stm32f412vx.o(RESET) refers to stm32f4xx_it.o(i.UsageFault_Handler) for UsageFault_Handler
    startup_stm32f412vx.o(RESET) refers to stm32f4xx_it.o(i.SVC_Handler) for SVC_Handler
    startup_stm32f412vx.o(RESET) refers to stm32f4xx_it.o(i.DebugMon_Handler) for DebugMon_Handler
    startup_stm32f412vx.o(RESET) refers to stm32f4xx_it.o(i.PendSV_Handler) for PendSV_Handler
    startup_stm32f412vx.o(RESET) refers to stm32f4xx_it.o(i.SysTick_Handler) for SysTick_Handler
    startup_stm32f412vx.o(RESET) refers to main.o(i.TIM4_IRQHandler) for TIM4_IRQHandler
    startup_stm32f412vx.o(.text) refers to system_stm32f4xx.o(i.SystemInit) for SystemInit
    startup_stm32f412vx.o(.text) refers to entry.o(.ARM.Collect$$$$00000000) for __main
    main.o(i.Error_Handler) refers to main.o(i.send7seg) for send7seg
    main.o(i.Error_Handler) refers to main.o(.data) for .data
    main.o(i.MX_ADC1_Init) refers to stm32f4xx_hal_adc.o(i.HAL_ADC_Init) for HAL_ADC_Init
    main.o(i.MX_ADC1_Init) refers to main.o(i.Error_Handler) for Error_Handler
    main.o(i.MX_ADC1_Init) refers to stm32f4xx_hal_adc.o(i.HAL_ADC_ConfigChannel) for HAL_ADC_ConfigChannel
    main.o(i.MX_ADC1_Init) refers to main.o(.bss) for .bss
    main.o(i.MX_GPIO_Init) refers to memseta.o(.text) for __aeabi_memclr4
    main.o(i.MX_GPIO_Init) refers to stm32f4xx_hal_gpio.o(i.HAL_GPIO_Init) for HAL_GPIO_Init
    main.o(i.MX_GPIO_Init) refers to stm32f4xx_hal_gpio.o(i.HAL_GPIO_WritePin) for HAL_GPIO_WritePin
    main.o(i.MX_TIM4_Init) refers to memseta.o(.text) for __aeabi_memclr4
    main.o(i.MX_TIM4_Init) refers to stm32f4xx_hal_tim.o(i.HAL_TIM_Base_Init) for HAL_TIM_Base_Init
    main.o(i.MX_TIM4_Init) refers to main.o(i.Error_Handler) for Error_Handler
    main.o(i.MX_TIM4_Init) refers to stm32f4xx_hal_tim.o(i.HAL_TIM_ConfigClockSource) for HAL_TIM_ConfigClockSource
    main.o(i.MX_TIM4_Init) refers to stm32f4xx_hal_tim.o(i.HAL_TIM_OC_Init) for HAL_TIM_OC_Init
    main.o(i.MX_TIM4_Init) refers to stm32f4xx_hal_tim_ex.o(i.HAL_TIMEx_MasterConfigSynchronization) for HAL_TIMEx_MasterConfigSynchronization
    main.o(i.MX_TIM4_Init) refers to stm32f4xx_hal_tim.o(i.HAL_TIM_OC_ConfigChannel) for HAL_TIM_OC_ConfigChannel
    main.o(i.MX_TIM4_Init) refers to main.o(.bss) for .bss
    main.o(i.SystemClock_Config) refers to memseta.o(.text) for __aeabi_memclr4
    main.o(i.SystemClock_Config) refers to stm32f4xx_hal_rcc_ex.o(i.HAL_RCC_OscConfig) for HAL_RCC_OscConfig
    main.o(i.SystemClock_Config) refers to main.o(i.Error_Handler) for Error_Handler
    main.o(i.SystemClock_Config) refers to stm32f4xx_hal_rcc.o(i.HAL_RCC_ClockConfig) for HAL_RCC_ClockConfig
    main.o(i.TIM4_IRQHandler) refers to main.o(.bss) for .bss
    main.o(i.main) refers to stm32f4xx_hal.o(i.HAL_Init) for HAL_Init
    main.o(i.main) refers to main.o(i.SystemClock_Config) for SystemClock_Config
    main.o(i.main) refers to main.o(i.MX_GPIO_Init) for MX_GPIO_Init
    main.o(i.main) refers to main.o(i.MX_ADC1_Init) for MX_ADC1_Init
    main.o(i.main) refers to main.o(i.MX_TIM4_Init) for MX_TIM4_Init
    main.o(i.main) refers to main.o(i.send7seg) for send7seg
    main.o(i.main) refers to stm32f4xx_hal_cortex.o(i.HAL_NVIC_SetPriority) for HAL_NVIC_SetPriority
    main.o(i.main) refers to stm32f4xx_hal_cortex.o(i.HAL_NVIC_EnableIRQ) for HAL_NVIC_EnableIRQ
    main.o(i.main) refers to stm32f4xx_hal_tim.o(i.HAL_TIM_Base_Start_IT) for HAL_TIM_Base_Start_IT
    main.o(i.main) refers to stm32f4xx_hal_tim.o(i.HAL_TIM_OC_Start_IT) for HAL_TIM_OC_Start_IT
    main.o(i.main) refers to stm32f4xx_hal_adc.o(i.HAL_ADC_Start) for HAL_ADC_Start
    main.o(i.main) refers to stm32f4xx_hal_adc.o(i.HAL_ADC_PollForConversion) for HAL_ADC_PollForConversion
    main.o(i.main) refers to stm32f4xx_hal_adc.o(i.HAL_ADC_GetValue) for HAL_ADC_GetValue
    main.o(i.main) refers to stm32f4xx_hal_adc.o(i.HAL_ADC_Stop) for HAL_ADC_Stop
    main.o(i.main) refers to main.o(i.ms_delay) for ms_delay
    main.o(i.main) refers to main.o(.bss) for .bss
    main.o(i.main) refers to main.o(.data) for .data
    main.o(i.send7seg) refers to main.o(i.ms_delay) for ms_delay
    stm32f4xx_it.o(i.SysTick_Handler) refers to stm32f4xx_hal.o(i.HAL_IncTick) for HAL_IncTick
[...]
    stm32f4xx_hal_tim_ex.o(i.HAL_TIMEx_HallSensor_DeInit) refers to stm32f4xx_hal_tim_ex.o(i.HAL_TIMEx_HallSensor_MspDeInit) for HAL_TIMEx_HallSensor_MspDeInit
    stm32f4xx_hal_tim_ex.o(i.HAL_TIMEx_HallSensor_Init) refers to stm32f4xx_hal_tim_ex.o(i.HAL_TIMEx_HallSensor_MspInit) for HAL_TIMEx_HallSensor_MspInit
    stm32f4xx_hal_tim_ex.o(i.HAL_TIMEx_HallSensor_Init) refers to stm32f4xx_hal_tim.o(i.TIM_Base_SetConfig) for TIM_Base_SetConfig
    stm32f4xx_hal_tim_ex.o(i.HAL_TIMEx_HallSensor_Init) refers to stm32f4xx_hal_tim.o(i.TIM_TI1_SetConfig) for TIM_TI1_SetConfig
    stm32f4xx_hal_tim_ex.o(i.HAL_TIMEx_HallSensor_Init) refers to stm32f4xx_hal_tim.o(i.TIM_OC2_SetConfig) for TIM_OC2_SetConfig
    stm32f4xx_hal_tim_ex.o(i.HAL_TIMEx_HallSensor_Start) refers to stm32f4xx_hal_tim.o(i.TIM_CCxChannelCmd) for TIM_CCxChannelCmd
    stm32f4xx_hal_tim_ex.o(i.HAL_TIMEx_HallSensor_Start_DMA) refers to stm32f4xx_hal_tim.o(i.TIM_CCxChannelCmd) for TIM_CCxChannelCmd
    stm32f4xx_hal_tim_ex.o(i.HAL_TIMEx_HallSensor_Start_DMA) refers to stm32f4xx_hal_dma.o(i.HAL_DMA_Start_IT) for HAL_DMA_Start_IT
    stm32f4xx_hal_tim_ex.o(i.HAL_TIMEx_HallSensor_Start_DMA) refers to stm32f4xx_hal_tim.o(i.TIM_DMACaptureCplt) for TIM_DMACaptureCplt
    stm32f4xx_hal_tim_ex.o(i.HAL_TIMEx_HallSensor_Start_DMA) refers to stm32f4xx_hal_tim.o(i.TIM_DMAError) for TIM_DMAError
    stm32f4xx_hal_tim_ex.o(i.HAL_TIMEx_HallSensor_Start_IT) refers to stm32f4xx_hal_tim.o(i.TIM_CCxChannelCmd) for TIM_CCxChannelCmd
    stm32f4xx_hal_tim_ex.o(i.HAL_TIMEx_HallSensor_Stop) refers to stm32f4xx_hal_tim.o(i.TIM_CCxChannelCmd) for TIM_CCxChannelCmd
    stm32f4xx_hal_tim_ex.o(i.HAL_TIMEx_HallSensor_Stop_DMA) refers to stm32f4xx_hal_tim.o(i.TIM_CCxChannelCmd) for TIM_CCxChannelCmd
    stm32f4xx_hal_tim_ex.o(i.HAL_TIMEx_HallSensor_Stop_IT) refers to stm32f4xx_hal_tim.o(i.TIM_CCxChannelCmd) for TIM_CCxChannelCmd
    stm32f4xx_hal_tim_ex.o(i.HAL_TIMEx_OCN_Start) refers to stm32f4xx_hal_tim_ex.o(i.TIM_CCxNChannelCmd) for TIM_CCxNChannelCmd
    stm32f4xx_hal_tim_ex.o(i.HAL_TIMEx_OCN_Start_DMA) refers to stm32f4xx_hal_dma.o(i.HAL_DMA_Start_IT) for HAL_DMA_Start_IT
    stm32f4xx_hal_tim_ex.o(i.HAL_TIMEx_OCN_Start_DMA) refers to stm32f4xx_hal_tim_ex.o(i.TIM_CCxNChannelCmd) for TIM_CCxNChannelCmd
    stm32f4xx_hal_tim_ex.o(i.HAL_TIMEx_OCN_Start_DMA) refers to stm32f4xx_hal_tim.o(i.TIM_DMADelayPulseCplt) for TIM_DMADelayPulseCplt
    stm32f4xx_hal_tim_ex.o(i.HAL_TIMEx_OCN_Start_DMA) refers to stm32f4xx_hal_tim.o(i.TIM_DMAError) for TIM_DMAError
    stm32f4xx_hal_tim_ex.o(i.HAL_TIMEx_OCN_Start_IT) refers to stm32f4xx_hal_tim_ex.o(i.TIM_CCxNChannelCmd) for TIM_CCxNChannelCmd
    stm32f4xx_hal_tim_ex.o(i.HAL_TIMEx_OCN_Stop) refers to stm32f4xx_hal_tim_ex.o(i.TIM_CCxNChannelCmd) for TIM_CCxNChannelCmd
    stm32f4xx_hal_tim_ex.o(i.HAL_TIMEx_OCN_Stop_DMA) refers to stm32f4xx_hal_tim_ex.o(i.TIM_CCxNChannelCmd) for TIM_CCxNChannelCmd
    stm32f4xx_hal_tim_ex.o(i.HAL_TIMEx_OCN_Stop_IT) refers to stm32f4xx_hal_tim_ex.o(i.TIM_CCxNChannelCmd) for TIM_CCxNChannelCmd
    stm32f4xx_hal_tim_ex.o(i.HAL_TIMEx_OnePulseN_Start) refers to stm32f4xx_hal_tim_ex.o(i.TIM_CCxNChannelCmd) for TIM_CCxNChannelCmd
    stm32f4xx_hal_tim_ex.o(i.HAL_TIMEx_OnePulseN_Start_IT) refers to stm32f4xx_hal_tim_ex.o(i.TIM_CCxNChannelCmd) for TIM_CCxNChannelCmd
    stm32f4xx_hal_tim_ex.o(i.HAL_TIMEx_OnePulseN_Stop) refers to stm32f4xx_hal_tim_ex.o(i.TIM_CCxNChannelCmd) for TIM_CCxNChannelCmd
    stm32f4xx_hal_tim_ex.o(i.HAL_TIMEx_OnePulseN_Stop_IT) refers to stm32f4xx_hal_tim_ex.o(i.TIM_CCxNChannelCmd) for TIM_CCxNChannelCmd
    stm32f4xx_hal_tim_ex.o(i.HAL_TIMEx_PWMN_Start) refers to stm32f4xx_hal_tim_ex.o(i.TIM_CCxNChannelCmd) for TIM_CCxNChannelCmd
    stm32f4xx_hal_tim_ex.o(i.HAL_TIMEx_PWMN_Start_DMA) refers to stm32f4xx_hal_dma.o(i.HAL_DMA_Start_IT) for HAL_DMA_Start_IT
    stm32f4xx_hal_tim_ex.o(i.HAL_TIMEx_PWMN_Start_DMA) refers to stm32f4xx_hal_tim_ex.o(i.TIM_CCxNChannelCmd) for TIM_CCxNChannelCmd
    stm32f4xx_hal_tim_ex.o(i.HAL_TIMEx_PWMN_Start_DMA) refers to stm32f4xx_hal_tim.o(i.TIM_DMADelayPulseCplt) for TIM_DMADelayPulseCplt
    stm32f4xx_hal_tim_ex.o(i.HAL_TIMEx_PWMN_Start_DMA) refers to stm32f4xx_hal_tim.o(i.TIM_DMAError) for TIM_DMAError
    stm32f4xx_hal_tim_ex.o(i.HAL_TIMEx_PWMN_Start_IT) refers to stm32f4xx_hal_tim_ex.o(i.TIM_CCxNChannelCmd) for TIM_CCxNChannelCmd
    stm32f4xx_hal_tim_ex.o(i.HAL_TIMEx_PWMN_Stop) refers to stm32f4xx_hal_tim_ex.o(i.TIM_CCxNChannelCmd) for TIM_CCxNChannelCmd
    stm32f4xx_hal_tim_ex.o(i.HAL_TIMEx_PWMN_Stop_DMA) refers to stm32f4xx_hal_tim_ex.o(i.TIM_CCxNChannelCmd) for TIM_CCxNChannelCmd
    stm32f4xx_hal_tim_ex.o(i.HAL_TIMEx_PWMN_Stop_IT) refers to stm32f4xx_hal_tim_ex.o(i.TIM_CCxNChannelCmd) for TIM_CCxNChannelCmd
    stm32f4xx_hal_tim_ex.o(i.TIMEx_DMACommutationCplt) refers to stm32f4xx_hal_tim_ex.o(i.HAL_TIMEx_CommutationCallback) for HAL_TIMEx_CommutationCallback
    stm32f4xx_hal_rcc.o(i.HAL_RCC_ClockConfig) refers to stm32f4xx_hal.o(i.HAL_GetTick) for HAL_GetTick
    stm32f4xx_hal_rcc.o(i.HAL_RCC_ClockConfig) refers to stm32f4xx_hal_rcc.o(i.HAL_RCC_GetSysClockFreq) for HAL_RCC_GetSysClockFreq
    stm32f4xx_hal_rcc.o(i.HAL_RCC_ClockConfig) refers to stm32f4xx_hal.o(i.HAL_InitTick) for HAL_InitTick
    stm32f4xx_hal_rcc.o(i.HAL_RCC_ClockConfig) refers to system_stm32f4xx.o(.constdata) for AHBPrescTable
    stm32f4xx_hal_rcc.o(i.HAL_RCC_ClockConfig) refers to system_stm32f4xx.o(.data) for SystemCoreClock
    stm32f4xx_hal_rcc.o(i.HAL_RCC_GetHCLKFreq) refers to system_stm32f4xx.o(.data) for SystemCoreClock
    stm32f4xx_hal_rcc.o(i.HAL_RCC_GetPCLK1Freq) refers to system_stm32f4xx.o(.data) for SystemCoreClock
    stm32f4xx_hal_rcc.o(i.HAL_RCC_GetPCLK1Freq) refers to system_stm32f4xx.o(.constdata) for APBPrescTable
    stm32f4xx_hal_rcc.o(i.HAL_RCC_GetPCLK2Freq) refers to system_stm32f4xx.o(.data) for SystemCoreClock
    stm32f4xx_hal_rcc.o(i.HAL_RCC_GetPCLK2Freq) refers to system_stm32f4xx.o(.constdata) for APBPrescTable
    stm32f4xx_hal_rcc.o(i.HAL_RCC_GetSysClockFreq) refers to uldiv.o(.text) for __aeabi_uldivmod
    stm32f4xx_hal_rcc.o(i.HAL_RCC_MCOConfig) refers to stm32f4xx_hal_gpio.o(i.HAL_GPIO_Init) for HAL_GPIO_Init
    stm32f4xx_hal_rcc.o(i.HAL_RCC_NMI_IRQHandler) refers to stm32f4xx_hal_rcc.o(i.HAL_RCC_CSSCallback) for HAL_RCC_CSSCallback
    stm32f4xx_hal_rcc.o(i.HAL_RCC_OscConfig) refers to stm32f4xx_hal.o(i.HAL_GetTick) for HAL_GetTick
    stm32f4xx_hal_rcc_ex.o(i.HAL_RCCEx_DisablePLLI2S) refers to stm32f4xx_hal.o(i.HAL_GetTick) for HAL_GetTick
    stm32f4xx_hal_rcc_ex.o(i.HAL_RCCEx_EnablePLLI2S) refers to stm32f4xx_hal.o(i.HAL_GetTick) for HAL_GetTick
    stm32f4xx_hal_rcc_ex.o(i.HAL_RCCEx_PeriphCLKConfig) refers to stm32f4xx_hal.o(i.HAL_GetTick) for HAL_GetTick
    stm32f4xx_hal_rcc_ex.o(i.HAL_RCC_DeInit) refers to stm32f4xx_hal.o(i.HAL_GetTick) for HAL_GetTick
    stm32f4xx_hal_rcc_ex.o(i.HAL_RCC_DeInit) refers to stm32f4xx_hal.o(i.HAL_InitTick) for HAL_InitTick
    stm32f4xx_hal_rcc_ex.o(i.HAL_RCC_DeInit) refers to system_stm32f4xx.o(.data) for SystemCoreClock
    stm32f4xx_hal_rcc_ex.o(i.HAL_RCC_OscConfig) refers to stm32f4xx_hal.o(i.HAL_GetTick) for HAL_GetTick
    stm32f4xx_hal_flash.o(i.FLASH_SetErrorCode) refers to stm32f4xx_hal_flash.o(.bss) for .bss
    stm32f4xx_hal_flash.o(i.FLASH_WaitForLastOperation) refers to stm32f4xx_hal.o(i.HAL_GetTick) for HAL_GetTick
    stm32f4xx_hal_flash.o(i.FLASH_WaitForLastOperation) refers to stm32f4xx_hal_flash.o(i.FLASH_SetErrorCode) for FLASH_SetErrorCode
    stm32f4xx_hal_flash.o(i.FLASH_WaitForLastOperation) refers to stm32f4xx_hal_flash.o(.bss) for .bss
    stm32f4xx_hal_flash.o(i.HAL_FLASH_GetError) refers to stm32f4xx_hal_flash.o(.bss) for .bss
    stm32f4xx_hal_flash.o(i.HAL_FLASH_IRQHandler) refers to stm32f4xx_hal_flash.o(i.FLASH_SetErrorCode) for FLASH_SetErrorCode
    stm32f4xx_hal_flash.o(i.HAL_FLASH_IRQHandler) refers to stm32f4xx_hal_flash.o(i.HAL_FLASH_OperationErrorCallback) for HAL_FLASH_OperationErrorCallback
    stm32f4xx_hal_flash.o(i.HAL_FLASH_IRQHandler) refers to stm32f4xx_hal_flash.o(i.HAL_FLASH_EndOfOperationCallback) for HAL_FLASH_EndOfOperationCallback
    stm32f4xx_hal_flash.o(i.HAL_FLASH_IRQHandler) refers to stm32f4xx_hal_flash_ex.o(i.FLASH_Erase_Sector) for FLASH_Erase_Sector
    stm32f4xx_hal_flash.o(i.HAL_FLASH_IRQHandler) refers to stm32f4xx_hal_flash_ex.o(i.FLASH_FlushCaches) for FLASH_FlushCaches
    stm32f4xx_hal_flash.o(i.HAL_FLASH_IRQHandler) refers to stm32f4xx_hal_flash.o(.bss) for .bss
    stm32f4xx_hal_flash.o(i.HAL_FLASH_OB_Launch) refers to stm32f4xx_hal_flash.o(i.FLASH_WaitForLastOperation) for FLASH_WaitForLastOperation
    stm32f4xx_hal_flash.o(i.HAL_FLASH_Program) refers to stm32f4xx_hal_flash.o(i.FLASH_WaitForLastOperation) for FLASH_WaitForLastOperation
    stm32f4xx_hal_flash.o(i.HAL_FLASH_Program) refers to stm32f4xx_hal_flash.o(i.FLASH_Program_DoubleWord) for FLASH_Program_DoubleWord
    stm32f4xx_hal_flash.o(i.HAL_FLASH_Program) refers to stm32f4xx_hal_flash.o(i.FLASH_Program_Byte) for FLASH_Program_Byte
    stm32f4xx_hal_flash.o(i.HAL_FLASH_Program) refers to stm32f4xx_hal_flash.o(i.FLASH_Program_HalfWord) for FLASH_Program_HalfWord
    stm32f4xx_hal_flash.o(i.HAL_FLASH_Program) refers to stm32f4xx_hal_flash.o(i.FLASH_Program_Word) for FLASH_Program_Word
    stm32f4xx_hal_flash.o(i.HAL_FLASH_Program) refers to stm32f4xx_hal_flash.o(.bss) for .bss
    stm32f4xx_hal_flash.o(i.HAL_FLASH_Program_IT) refers to stm32f4xx_hal_flash.o(i.FLASH_Program_DoubleWord) for FLASH_Program_DoubleWord
    stm32f4xx_hal_flash.o(i.HAL_FLASH_Program_IT) refers to stm32f4xx_hal_flash.o(i.FLASH_Program_Byte) for FLASH_Program_Byte
    stm32f4xx_hal_flash.o(i.HAL_FLASH_Program_IT) refers to stm32f4xx_hal_flash.o(i.FLASH_Program_HalfWord) for FLASH_Program_HalfWord
    stm32f4xx_hal_flash.o(i.HAL_FLASH_Program_IT) refers to stm32f4xx_hal_flash.o(i.FLASH_Program_Word) for FLASH_Program_Word
    stm32f4xx_hal_flash.o(i.HAL_FLASH_Program_IT) refers to stm32f4xx_hal_flash.o(.bss) for .bss
    stm32f4xx_hal_flash_ex.o(i.HAL_FLASHEx_AdvOBProgram) refers to stm32f4xx_hal_flash.o(i.FLASH_WaitForLastOperation) for FLASH_WaitForLastOperation
    stm32f4xx_hal_flash_ex.o(i.HAL_FLASHEx_Erase) refers to stm32f4xx_hal_flash.o(i.FLASH_WaitForLastOperation) for FLASH_WaitForLastOperation
    stm32f4xx_hal_flash_ex.o(i.HAL_FLASHEx_Erase) refers to stm32f4xx_hal_flash_ex.o(i.FLASH_MassErase) for FLASH_MassErase
    stm32f4xx_hal_flash_ex.o(i.HAL_FLASHEx_Erase) refers to stm32f4xx_hal_flash_ex.o(i.FLASH_Erase_Sector) for FLASH_Erase_Sector
    stm32f4xx_hal_flash_ex.o(i.HAL_FLASHEx_Erase) refers to stm32f4xx_hal_flash_ex.o(i.FLASH_FlushCaches) for FLASH_FlushCaches
    stm32f4xx_hal_flash_ex.o(i.HAL_FLASHEx_Erase) refers to stm32f4xx_hal_flash.o(.bss) for pFlash
    stm32f4xx_hal_flash_ex.o(i.HAL_FLASHEx_Erase_IT) refers to stm32f4xx_hal_flash_ex.o(i.FLASH_Erase_Sector) for FLASH_Erase_Sector
    stm32f4xx_hal_flash_ex.o(i.HAL_FLASHEx_Erase_IT) refers to stm32f4xx_hal_flash_ex.o(i.FLASH_MassErase) for FLASH_MassErase
    stm32f4xx_hal_flash_ex.o(i.HAL_FLASHEx_Erase_IT) refers to stm32f4xx_hal_flash.o(.bss) for pFlash
    stm32f4xx_hal_flash_ex.o(i.HAL_FLASHEx_OBProgram) refers to stm32f4xx_hal_flash.o(i.FLASH_WaitForLastOperation) for FLASH_WaitForLastOperation
    stm32f4xx_hal_flash_ex.o(i.HAL_FLASHEx_OBProgram) refers to stm32f4xx_hal_flash.o(.bss) for pFlash
    stm32f4xx_hal_gpio.o(i.HAL_GPIO_EXTI_IRQHandler) refers to stm32f4xx_hal_gpio.o(i.HAL_GPIO_EXTI_Callback) for HAL_GPIO_EXTI_Callback
    stm32f4xx_hal_dma_ex.o(i.HAL_DMAEx_MultiBufferStart) refers to stm32f4xx_hal_dma_ex.o(i.DMA_MultiBufferSetConfig) for DMA_MultiBufferSetConfig
    stm32f4xx_hal_dma_ex.o(i.HAL_DMAEx_MultiBufferStart_IT) refers to stm32f4xx_hal_dma_ex.o(i.DMA_MultiBufferSetConfig) for DMA_MultiBufferSetConfig
    stm32f4xx_hal_dma.o(i.DMA_CalcBaseAndBitshift) refers to stm32f4xx_hal_dma.o(.constdata) for .constdata
    stm32f4xx_hal_dma.o(i.HAL_DMA_Abort) refers to stm32f4xx_hal.o(i.HAL_GetTick) for HAL_GetTick
    stm32f4xx_hal_dma.o(i.HAL_DMA_DeInit) refers to stm32f4xx_hal_dma.o(i.DMA_CalcBaseAndBitshift) for DMA_CalcBaseAndBitshift
    stm32f4xx_hal_dma.o(i.HAL_DMA_IRQHandler) refers to system_stm32f4xx.o(.data) for SystemCoreClock
    stm32f4xx_hal_dma.o(i.HAL_DMA_Init) refers to stm32f4xx_hal.o(i.HAL_GetTick) for HAL_GetTick
    stm32f4xx_hal_dma.o(i.HAL_DMA_Init) refers to stm32f4xx_hal_dma.o(i.DMA_CheckFifoParam) for DMA_CheckFifoParam
    stm32f4xx_hal_dma.o(i.HAL_DMA_Init) refers to stm32f4xx_hal_dma.o(i.DMA_CalcBaseAndBitshift) for DMA_CalcBaseAndBitshift
    stm32f4xx_hal_dma.o(i.HAL_DMA_PollForTransfer) refers to stm32f4xx_hal.o(i.HAL_GetTick) for HAL_GetTick
    stm32f4xx_hal_dma.o(i.HAL_DMA_PollForTransfer) refers to stm32f4xx_hal_dma.o(i.HAL_DMA_Abort) for HAL_DMA_Abort
    stm32f4xx_hal_dma.o(i.HAL_DMA_Start) refers to stm32f4xx_hal_dma.o(i.DMA_SetConfig) for DMA_SetConfig
    stm32f4xx_hal_dma.o(i.HAL_DMA_Start_IT) refers to stm32f4xx_hal_dma.o(i.DMA_SetConfig) for DMA_SetConfig
    stm32f4xx_hal_pwr.o(i.HAL_PWR_PVD_IRQHandler) refers to stm32f4xx_hal_pwr.o(i.HAL_PWR_PVDCallback) for HAL_PWR_PVDCallback
    stm32f4xx_hal_pwr_ex.o(i.HAL_PWREx_ControlVoltageScaling) refers to stm32f4xx_hal.o(i.HAL_GetTick) for HAL_GetTick
    stm32f4xx_hal_pwr_ex.o(i.HAL_PWREx_DisableBkUpReg) refers to stm32f4xx_hal.o(i.HAL_GetTick) for HAL_GetTick
    stm32f4xx_hal_pwr_ex.o(i.HAL_PWREx_EnableBkUpReg) refers to stm32f4xx_hal.o(i.HAL_GetTick) for HAL_GetTick
    stm32f4xx_hal_cortex.o(i.HAL_NVIC_SetPriority) refers to stm32f4xx_hal_cortex.o(i.NVIC_SetPriority) for NVIC_SetPriority
    stm32f4xx_hal_cortex.o(i.HAL_SYSTICK_Config) refers to stm32f4xx_hal_cortex.o(i.NVIC_SetPriority) for NVIC_SetPriority
    stm32f4xx_hal_cortex.o(i.HAL_SYSTICK_IRQHandler) refers to stm32f4xx_hal_cortex.o(i.HAL_SYSTICK_Callback) for HAL_SYSTICK_Callback
    stm32f4xx_hal.o(i.HAL_DeInit) refers to stm32f4xx_hal.o(i.HAL_MspDeInit) for HAL_MspDeInit
    stm32f4xx_hal.o(i.HAL_Delay) refers to stm32f4xx_hal.o(i.HAL_GetTick) for HAL_GetTick
    stm32f4xx_hal.o(i.HAL_Delay) refers to stm32f4xx_hal.o(.data) for .data
    stm32f4xx_hal.o(i.HAL_GetTick) refers to stm32f4xx_hal.o(.data) for .data
    stm32f4xx_hal.o(i.HAL_GetTickFreq) refers to stm32f4xx_hal.o(.data) for .data
    stm32f4xx_hal.o(i.HAL_GetTickPrio) refers to stm32f4xx_hal.o(.data) for .data
    stm32f4xx_hal.o(i.HAL_IncTick) refers to stm32f4xx_hal.o(.data) for .data
    stm32f4xx_hal.o(i.HAL_Init) refers to stm32f4xx_hal_cortex.o(i.HAL_NVIC_SetPriorityGrouping) for HAL_NVIC_SetPriorityGrouping
    stm32f4xx_hal.o(i.HAL_Init) refers to stm32f4xx_hal.o(i.HAL_InitTick) for HAL_InitTick
    stm32f4xx_hal.o(i.HAL_Init) refers to stm32f4xx_hal_msp.o(i.HAL_MspInit) for HAL_MspInit
    stm32f4xx_hal.o(i.HAL_InitTick) refers to stm32f4xx_hal_cortex.o(i.HAL_SYSTICK_Config) for HAL_SYSTICK_Config
    stm32f4xx_hal.o(i.HAL_InitTick) refers to stm32f4xx_hal_cortex.o(i.HAL_NVIC_SetPriority) for HAL_NVIC_SetPriority
    stm32f4xx_hal.o(i.HAL_InitTick) refers to stm32f4xx_hal.o(.data) for .data
    stm32f4xx_hal.o(i.HAL_InitTick) refers to system_stm32f4xx.o(.data) for SystemCoreClock
    stm32f4xx_hal.o(i.HAL_SetTickFreq) refers to stm32f4xx_hal.o(i.HAL_InitTick) for HAL_InitTick
    stm32f4xx_hal.o(i.HAL_SetTickFreq) refers to stm32f4xx_hal.o(.data) for .data
    system_stm32f4xx.o(i.SystemCoreClockUpdate) refers to system_stm32f4xx.o(.data) for .data
    system_stm32f4xx.o(i.SystemCoreClockUpdate) refers to system_stm32f4xx.o(.constdata) for .constdata
    entry.o(.ARM.Collect$$$$00000000) refers (Special) to entry10a.o(.ARM.Collect$$$$0000000D) for __rt_final_cpp
    entry.o(.ARM.Collect$$$$00000000) refers (Special) to entry11a.o(.ARM.Collect$$$$0000000F) for __rt_final_exit
    entry.o(.ARM.Collect$$$$00000000) refers (Special) to entry7b.o(.ARM.Collect$$$$00000008) for _main_clock
    entry.o(.ARM.Collect$$$$00000000) refers (Special) to entry8b.o(.ARM.Collect$$$$0000000A) for _main_cpp_init
    entry.o(.ARM.Collect$$$$00000000) refers (Special) to entry9a.o(.ARM.Collect$$$$0000000B) for _main_init
    entry.o(.ARM.Collect$$$$00000000) refers (Special) to entry5.o(.ARM.Collect$$$$00000004) for _main_scatterload
    entry.o(.ARM.Collect$$$$00000000) refers (Special) to entry2.o(.ARM.Collect$$$$00000001) for _main_stk
    uldiv.o(.text) refers to llushr.o(.text) for __aeabi_llsr
    uldiv.o(.text) refers to llshl.o(.text) for __aeabi_llsl
    entry2.o(.ARM.Collect$$$$00000001) refers to entry2.o(.ARM.Collect$$$$00002712) for __lit__00000000
    entry2.o(.ARM.Collect$$$$00002712) refers to startup_stm32f412vx.o(STACK) for __initial_sp
    entry2.o(__vectab_stack_and_reset_area) refers to startup_stm32f412vx.o(STACK) for __initial_sp
    entry2.o(__vectab_stack_and_reset_area) refers to entry.o(.ARM.Collect$$$$00000000) for __main
    entry5.o(.ARM.Collect$$$$00000004) refers to init.o(.text) for __scatterload
    entry9a.o(.ARM.Collect$$$$0000000B) refers to main.o(i.main) for main
    entry9b.o(.ARM.Collect$$$$0000000C) refers to main.o(i.main) for main
    init.o(.text) refers to entry5.o(.ARM.Collect$$$$00000004) for __main_after_scatterload


==============================================================================

Removing Unused input sections from the image.

    Removing startup_stm32f412vx.o(HEAP), (512 bytes).
    Removing main.o(.rev16_text), (4 bytes).
    Removing main.o(.revsh_text), (4 bytes).
    Removing main.o(.rrx_text), (6 bytes).
    Removing main.o(.constdata), (4 bytes).
    Removing main.o(.constdata), (4 bytes).
    Removing main.o(.constdata), (4 bytes).
    Removing main.o(.constdata), (4 bytes).
    Removing main.o(.constdata), (4 bytes).
    Removing stm32f4xx_it.o(.rev16_text), (4 bytes).
    Removing stm32f4xx_it.o(.revsh_text), (4 bytes).
    Removing stm32f4xx_it.o(.rrx_text), (6 bytes).
    Removing stm32f4xx_hal_msp.o(.rev16_text), (4 bytes).
    Removing stm32f4xx_hal_msp.o(.revsh_text), (4 bytes).
    Removing stm32f4xx_hal_msp.o(.rrx_text), (6 bytes).
    Removing stm32f4xx_hal_msp.o(i.HAL_ADC_MspDeInit), (40 bytes).
    Removing stm32f4xx_hal_msp.o(i.HAL_TIM_Base_MspDeInit), (36 bytes).
    Removing stm32f4xx_hal_adc.o(.rev16_text), (4 bytes).
    Removing stm32f4xx_hal_adc.o(.revsh_text), (4 bytes).
    Removing stm32f4xx_hal_adc.o(.rrx_text), (6 bytes).
    Removing stm32f4xx_hal_adc.o(i.ADC_DMAConvCplt), (98 bytes).
    Removing stm32f4xx_hal_adc.o(i.ADC_DMAError), (22 bytes).
    Removing stm32f4xx_hal_adc.o(i.ADC_DMAHalfConvCplt), (10 bytes).
    Removing stm32f4xx_hal_adc.o(i.HAL_ADC_AnalogWDGConfig), (112 bytes).
    Removing stm32f4xx_hal_adc.o(i.HAL_ADC_ConvCpltCallback), (2 bytes).
    Removing stm32f4xx_hal_adc.o(i.HAL_ADC_ConvHalfCpltCallback), (2 bytes).
    Removing stm32f4xx_hal_adc.o(i.HAL_ADC_DeInit), (60 bytes).
    Removing stm32f4xx_hal_adc.o(i.HAL_ADC_ErrorCallback), (2 bytes).
    Removing stm32f4xx_hal_adc.o(i.HAL_ADC_GetError), (4 bytes).
    Removing stm32f4xx_hal_adc.o(i.HAL_ADC_GetState), (4 bytes).
    Removing stm32f4xx_hal_adc.o(i.HAL_ADC_IRQHandler), (316 bytes).
    Removing stm32f4xx_hal_adc.o(i.HAL_ADC_LevelOutOfWindowCallback), (2 bytes).
    Removing stm32f4xx_hal_adc.o(i.HAL_ADC_MspDeInit), (2 bytes).
    Removing stm32f4xx_hal_adc.o(i.HAL_ADC_MspInit), (2 bytes).
    Removing stm32f4xx_hal_adc.o(i.HAL_ADC_PollForEvent), (108 bytes).
    Removing stm32f4xx_hal_adc.o(i.HAL_ADC_Start_DMA), (256 bytes).
    Removing stm32f4xx_hal_adc.o(i.HAL_ADC_Start_IT), (200 bytes).
    Removing stm32f4xx_hal_adc.o(i.HAL_ADC_Stop_DMA), (88 bytes).
    Removing stm32f4xx_hal_adc.o(i.HAL_ADC_Stop_IT), (72 bytes).
    Removing stm32f4xx_hal_adc_ex.o(.rev16_text), (4 bytes).
    Removing stm32f4xx_hal_adc_ex.o(.revsh_text), (4 bytes).
    Removing stm32f4xx_hal_adc_ex.o(.rrx_text), (6 bytes).
    Removing stm32f4xx_hal_adc_ex.o(i.ADC_MultiModeDMAConvCplt), (90 bytes).
    Removing stm32f4xx_hal_adc_ex.o(i.ADC_MultiModeDMAError), (18 bytes).
    Removing stm32f4xx_hal_adc_ex.o(i.ADC_MultiModeDMAHalfConvCplt), (6 bytes).
    Removing stm32f4xx_hal_adc_ex.o(i.HAL_ADCEx_InjectedConfigChannel), (444 bytes).
    Removing stm32f4xx_hal_adc_ex.o(i.HAL_ADCEx_InjectedConvCpltCallback), (2 bytes).
    Removing stm32f4xx_hal_adc_ex.o(i.HAL_ADCEx_InjectedGetValue), (58 bytes).
    Removing stm32f4xx_hal_adc_ex.o(i.HAL_ADCEx_InjectedPollForConversion), (136 bytes).
    Removing stm32f4xx_hal_adc_ex.o(i.HAL_ADCEx_InjectedStart), (196 bytes).
    Removing stm32f4xx_hal_adc_ex.o(i.HAL_ADCEx_InjectedStart_IT), (204 bytes).
    Removing stm32f4xx_hal_adc_ex.o(i.HAL_ADCEx_InjectedStop), (86 bytes).
    Removing stm32f4xx_hal_adc_ex.o(i.HAL_ADCEx_InjectedStop_IT), (94 bytes).
    Removing stm32f4xx_hal_adc_ex.o(i.HAL_ADCEx_MultiModeConfigChannel), (84 bytes).
    Removing stm32f4xx_hal_adc_ex.o(i.HAL_ADCEx_MultiModeGetValue), (12 bytes).
    Removing stm32f4xx_hal_adc_ex.o(i.HAL_ADCEx_MultiModeStart_DMA), (248 bytes).
    Removing stm32f4xx_hal_adc_ex.o(i.HAL_ADCEx_MultiModeStop_DMA), (96 bytes).
    Removing stm32f4xx_hal_tim.o(.rev16_text), (4 bytes).
    Removing stm32f4xx_hal_tim.o(.revsh_text), (4 bytes).
    Removing stm32f4xx_hal_tim.o(.rrx_text), (6 bytes).
    Removing stm32f4xx_hal_tim.o(i.HAL_TIM_Base_DeInit), (56 bytes).
    Removing stm32f4xx_hal_tim.o(i.HAL_TIM_Base_GetState), (6 bytes).
    Removing stm32f4xx_hal_tim.o(i.HAL_TIM_Base_MspDeInit), (2 bytes).
    Removing stm32f4xx_hal_tim.o(i.HAL_TIM_Base_MspInit), (2 bytes).
    Removing stm32f4xx_hal_tim.o(i.HAL_TIM_Base_Start), (26 bytes).
    Removing stm32f4xx_hal_tim.o(i.HAL_TIM_Base_Start_DMA), (92 bytes).
    Removing stm32f4xx_hal_tim.o(i.HAL_TIM_Base_Stop), (44 bytes).
    Removing stm32f4xx_hal_tim.o(i.HAL_TIM_Base_Stop_DMA), (48 bytes).
    Removing stm32f4xx_hal_tim.o(i.HAL_TIM_Base_Stop_IT), (42 bytes).
    Removing stm32f4xx_hal_tim.o(i.HAL_TIM_ConfigOCrefClear), (174 bytes).
    Removing stm32f4xx_hal_tim.o(i.HAL_TIM_ConfigTI1Input), (16 bytes).
    Removing stm32f4xx_hal_tim.o(i.HAL_TIM_DMABurst_ReadStart), (260 bytes).
    Removing stm32f4xx_hal_tim.o(i.HAL_TIM_DMABurst_ReadStop), (96 bytes).
    Removing stm32f4xx_hal_tim.o(i.HAL_TIM_DMABurst_WriteStart), (260 bytes).
    Removing stm32f4xx_hal_tim.o(i.HAL_TIM_DMABurst_WriteStop), (96 bytes).
    Removing stm32f4xx_hal_tim.o(i.HAL_TIM_Encoder_DeInit), (56 bytes).
    Removing stm32f4xx_hal_tim.o(i.HAL_TIM_Encoder_GetState), (6 bytes).
    Removing stm32f4xx_hal_tim.o(i.HAL_TIM_Encoder_Init), (150 bytes).
    Removing stm32f4xx_hal_tim.o(i.HAL_TIM_Encoder_MspDeInit), (2 bytes).
    Removing stm32f4xx_hal_tim.o(i.HAL_TIM_Encoder_MspInit), (2 bytes).
    Removing stm32f4xx_hal_tim.o(i.HAL_TIM_Encoder_Start), (52 bytes).
    Removing stm32f4xx_hal_tim.o(i.HAL_TIM_Encoder_Start_DMA), (272 bytes).
    Removing stm32f4xx_hal_tim.o(i.HAL_TIM_Encoder_Start_IT), (92 bytes).
    Removing stm32f4xx_hal_tim.o(i.HAL_TIM_Encoder_Stop), (70 bytes).
    Removing stm32f4xx_hal_tim.o(i.HAL_TIM_Encoder_Stop_DMA), (116 bytes).
    Removing stm32f4xx_hal_tim.o(i.HAL_TIM_Encoder_Stop_IT), (116 bytes).
    Removing stm32f4xx_hal_tim.o(i.HAL_TIM_ErrorCallback), (2 bytes).
    Removing stm32f4xx_hal_tim.o(i.HAL_TIM_GenerateEvent), (38 bytes).
    Removing stm32f4xx_hal_tim.o(i.HAL_TIM_IC_CaptureCallback), (2 bytes).
    Removing stm32f4xx_hal_tim.o(i.HAL_TIM_IC_ConfigChannel), (286 bytes).
    Removing stm32f4xx_hal_tim.o(i.HAL_TIM_IC_DeInit), (56 bytes).
    Removing stm32f4xx_hal_tim.o(i.HAL_TIM_IC_GetState), (6 bytes).
    Removing stm32f4xx_hal_tim.o(i.HAL_TIM_IC_Init), (54 bytes).
    Removing stm32f4xx_hal_tim.o(i.HAL_TIM_IC_MspDeInit), (2 bytes).
    Removing stm32f4xx_hal_tim.o(i.HAL_TIM_IC_MspInit), (2 bytes).
    Removing stm32f4xx_hal_tim.o(i.HAL_TIM_IC_Start), (26 bytes).
    Removing stm32f4xx_hal_tim.o(i.HAL_TIM_IC_Start_DMA), (200 bytes).
    Removing stm32f4xx_hal_tim.o(i.HAL_TIM_IC_Start_IT), (76 bytes).
    Removing stm32f4xx_hal_tim.o(i.HAL_TIM_IC_Stop), (44 bytes).
    Removing stm32f4xx_hal_tim.o(i.HAL_TIM_IC_Stop_DMA), (100 bytes).
    Removing stm32f4xx_hal_tim.o(i.HAL_TIM_IC_Stop_IT), (94 bytes).
    Removing stm32f4xx_hal_tim.o(i.HAL_TIM_IRQHandler), (358 bytes).
    Removing stm32f4xx_hal_tim.o(i.HAL_TIM_OC_DeInit), (56 bytes).
    Removing stm32f4xx_hal_tim.o(i.HAL_TIM_OC_DelayElapsedCallback), (2 bytes).
    Removing stm32f4xx_hal_tim.o(i.HAL_TIM_OC_GetState), (6 bytes).
    Removing stm32f4xx_hal_tim.o(i.HAL_TIM_OC_MspDeInit), (2 bytes).
    Removing stm32f4xx_hal_tim.o(i.HAL_TIM_OC_Start), (56 bytes).
    Removing stm32f4xx_hal_tim.o(i.HAL_TIM_OC_Start_DMA), (240 bytes).
    Removing stm32f4xx_hal_tim.o(i.HAL_TIM_OC_Stop), (88 bytes).
    Removing stm32f4xx_hal_tim.o(i.HAL_TIM_OC_Stop_DMA), (144 bytes).
    Removing stm32f4xx_hal_tim.o(i.HAL_TIM_OC_Stop_IT), (136 bytes).
    Removing stm32f4xx_hal_tim.o(i.HAL_TIM_OnePulse_ConfigChannel), (218 bytes).
    Removing stm32f4xx_hal_tim.o(i.HAL_TIM_OnePulse_DeInit), (56 bytes).
    Removing stm32f4xx_hal_tim.o(i.HAL_TIM_OnePulse_GetState), (6 bytes).
    Removing stm32f4xx_hal_tim.o(i.HAL_TIM_OnePulse_Init), (74 bytes).
    Removing stm32f4xx_hal_tim.o(i.HAL_TIM_OnePulse_MspDeInit), (2 bytes).
    Removing stm32f4xx_hal_tim.o(i.HAL_TIM_OnePulse_MspInit), (2 bytes).
    Removing stm32f4xx_hal_tim.o(i.HAL_TIM_OnePulse_Start), (60 bytes).
    Removing stm32f4xx_hal_tim.o(i.HAL_TIM_OnePulse_Start_IT), (80 bytes).
    Removing stm32f4xx_hal_tim.o(i.HAL_TIM_OnePulse_Stop), (100 bytes).
    Removing stm32f4xx_hal_tim.o(i.HAL_TIM_OnePulse_Stop_IT), (120 bytes).
    Removing stm32f4xx_hal_tim.o(i.HAL_TIM_PWM_ConfigChannel), (208 bytes).
    Removing stm32f4xx_hal_tim.o(i.HAL_TIM_PWM_DeInit), (56 bytes).
    Removing stm32f4xx_hal_tim.o(i.HAL_TIM_PWM_GetState), (6 bytes).
    Removing stm32f4xx_hal_tim.o(i.HAL_TIM_PWM_Init), (54 bytes).
    Removing stm32f4xx_hal_tim.o(i.HAL_TIM_PWM_MspDeInit), (2 bytes).
    Removing stm32f4xx_hal_tim.o(i.HAL_TIM_PWM_MspInit), (2 bytes).
    Removing stm32f4xx_hal_tim.o(i.HAL_TIM_PWM_PulseFinishedCallback), (2 bytes).
    Removing stm32f4xx_hal_tim.o(i.HAL_TIM_PWM_Start), (56 bytes).
    Removing stm32f4xx_hal_tim.o(i.HAL_TIM_PWM_Start_DMA), (240 bytes).
    Removing stm32f4xx_hal_tim.o(i.HAL_TIM_PWM_Start_IT), (108 bytes).
    Removing stm32f4xx_hal_tim.o(i.HAL_TIM_PWM_Stop), (92 bytes).
    Removing stm32f4xx_hal_tim.o(i.HAL_TIM_PWM_Stop_DMA), (144 bytes).
    Removing stm32f4xx_hal_tim.o(i.HAL_TIM_PWM_Stop_IT), (136 bytes).
    Removing stm32f4xx_hal_tim.o(i.HAL_TIM_PeriodElapsedCallback), (2 bytes).
    Removing stm32f4xx_hal_tim.o(i.HAL_TIM_ReadCapturedValue), (68 bytes).
    Removing stm32f4xx_hal_tim.o(i.HAL_TIM_SlaveConfigSynchronization), (66 bytes).
    Removing stm32f4xx_hal_tim.o(i.HAL_TIM_SlaveConfigSynchronization_IT), (66 bytes).
    Removing stm32f4xx_hal_tim.o(i.HAL_TIM_TriggerCallback), (2 bytes).
    Removing stm32f4xx_hal_tim.o(i.TIM_DMACaptureCplt), (62 bytes).
    Removing stm32f4xx_hal_tim.o(i.TIM_DMADelayPulseCplt), (62 bytes).
    Removing stm32f4xx_hal_tim.o(i.TIM_DMAError), (16 bytes).
    Removing stm32f4xx_hal_tim.o(i.TIM_DMAPeriodElapsedCplt), (16 bytes).
    Removing stm32f4xx_hal_tim.o(i.TIM_DMATriggerCplt), (16 bytes).
    Removing stm32f4xx_hal_tim.o(i.TIM_SlaveTimer_SetConfig), (124 bytes).
    Removing stm32f4xx_hal_tim.o(i.TIM_TI1_SetConfig), (132 bytes).
    Removing stm32f4xx_hal_tim.o(i.TIM_TI2_SetConfig), (54 bytes).
    Removing stm32f4xx_hal_tim_ex.o(.rev16_text), (4 bytes).
    Removing stm32f4xx_hal_tim_ex.o(.revsh_text), (4 bytes).
    Removing stm32f4xx_hal_tim_ex.o(.rrx_text), (6 bytes).
    Removing stm32f4xx_hal_tim_ex.o(i.HAL_TIMEx_BreakCallback), (2 bytes).
    Removing stm32f4xx_hal_tim_ex.o(i.HAL_TIMEx_CommutationCallback), (2 bytes).
    Removing stm32f4xx_hal_tim_ex.o(i.HAL_TIMEx_ConfigBreakDeadTime), (90 bytes).
    Removing stm32f4xx_hal_tim_ex.o(i.HAL_TIMEx_ConfigCommutationEvent), (92 bytes).
    Removing stm32f4xx_hal_tim_ex.o(i.HAL_TIMEx_ConfigCommutationEvent_DMA), (124 bytes).
    Removing stm32f4xx_hal_tim_ex.o(i.HAL_TIMEx_ConfigCommutationEvent_IT), (102 bytes).
    Removing stm32f4xx_hal_tim_ex.o(i.HAL_TIMEx_HallSensor_DeInit), (56 bytes).
    Removing stm32f4xx_hal_tim_ex.o(i.HAL_TIMEx_HallSensor_GetState), (6 bytes).
    Removing stm32f4xx_hal_tim_ex.o(i.HAL_TIMEx_HallSensor_Init), (176 bytes).
    Removing stm32f4xx_hal_tim_ex.o(i.HAL_TIMEx_HallSensor_MspDeInit), (2 bytes).
    Removing stm32f4xx_hal_tim_ex.o(i.HAL_TIMEx_HallSensor_MspInit), (2 bytes).
    Removing stm32f4xx_hal_tim_ex.o(i.HAL_TIMEx_HallSensor_Start), (28 bytes).
    Removing stm32f4xx_hal_tim_ex.o(i.HAL_TIMEx_HallSensor_Start_DMA), (104 bytes).
    Removing stm32f4xx_hal_tim_ex.o(i.HAL_TIMEx_HallSensor_Start_IT), (38 bytes).
    Removing stm32f4xx_hal_tim_ex.o(i.HAL_TIMEx_HallSensor_Stop), (46 bytes).
    Removing stm32f4xx_hal_tim_ex.o(i.HAL_TIMEx_HallSensor_Stop_DMA), (56 bytes).
    Removing stm32f4xx_hal_tim_ex.o(i.HAL_TIMEx_HallSensor_Stop_IT), (56 bytes).
    Removing stm32f4xx_hal_tim_ex.o(i.HAL_TIMEx_OCN_Start), (36 bytes).
    Removing stm32f4xx_hal_tim_ex.o(i.HAL_TIMEx_OCN_Start_DMA), (220 bytes).
    Removing stm32f4xx_hal_tim_ex.o(i.HAL_TIMEx_OCN_Start_IT), (96 bytes).
    Removing stm32f4xx_hal_tim_ex.o(i.HAL_TIMEx_OCN_Stop), (68 bytes).
    Removing stm32f4xx_hal_tim_ex.o(i.HAL_TIMEx_OCN_Stop_DMA), (124 bytes).
    Removing stm32f4xx_hal_tim_ex.o(i.HAL_TIMEx_OCN_Stop_IT), (134 bytes).
    Removing stm32f4xx_hal_tim_ex.o(i.HAL_TIMEx_OnePulseN_Start), (26 bytes).
    Removing stm32f4xx_hal_tim_ex.o(i.HAL_TIMEx_OnePulseN_Start_IT), (46 bytes).
    Removing stm32f4xx_hal_tim_ex.o(i.HAL_TIMEx_OnePulseN_Stop), (68 bytes).
    Removing stm32f4xx_hal_tim_ex.o(i.HAL_TIMEx_OnePulseN_Stop_IT), (88 bytes).
    Removing stm32f4xx_hal_tim_ex.o(i.HAL_TIMEx_PWMN_Start), (36 bytes).
    Removing stm32f4xx_hal_tim_ex.o(i.HAL_TIMEx_PWMN_Start_DMA), (220 bytes).
    Removing stm32f4xx_hal_tim_ex.o(i.HAL_TIMEx_PWMN_Start_IT), (96 bytes).
    Removing stm32f4xx_hal_tim_ex.o(i.HAL_TIMEx_PWMN_Stop), (68 bytes).
    Removing stm32f4xx_hal_tim_ex.o(i.HAL_TIMEx_PWMN_Stop_DMA), (124 bytes).
    Removing stm32f4xx_hal_tim_ex.o(i.HAL_TIMEx_PWMN_Stop_IT), (134 bytes).
    Removing stm32f4xx_hal_tim_ex.o(i.HAL_TIMEx_RemapConfig), (34 bytes).
    Removing stm32f4xx_hal_tim_ex.o(i.TIMEx_DMACommutationCplt), (16 bytes).
    Removing stm32f4xx_hal_tim_ex.o(i.TIM_CCxNChannelCmd), (22 bytes).
    Removing stm32f4xx_hal_rcc.o(.rev16_text), (4 bytes).
    Removing stm32f4xx_hal_rcc.o(.revsh_text), (4 bytes).
    Removing stm32f4xx_hal_rcc.o(.rrx_text), (6 bytes).
    Removing stm32f4xx_hal_rcc.o(i.HAL_RCC_CSSCallback), (2 bytes).
    Removing stm32f4xx_hal_rcc.o(i.HAL_RCC_DeInit), (4 bytes).
    Removing stm32f4xx_hal_rcc.o(i.HAL_RCC_DisableCSS), (12 bytes).
    Removing stm32f4xx_hal_rcc.o(i.HAL_RCC_EnableCSS), (12 bytes).
    Removing stm32f4xx_hal_rcc.o(i.HAL_RCC_GetClockConfig), (64 bytes).
    Removing stm32f4xx_hal_rcc.o(i.HAL_RCC_GetHCLKFreq), (12 bytes).
    Removing stm32f4xx_hal_rcc.o(i.HAL_RCC_GetOscConfig), (180 bytes).
    Removing stm32f4xx_hal_rcc.o(i.HAL_RCC_GetPCLK1Freq), (32 bytes).
    Removing stm32f4xx_hal_rcc.o(i.HAL_RCC_GetPCLK2Freq), (32 bytes).
    Removing stm32f4xx_hal_rcc.o(i.HAL_RCC_MCOConfig), (140 bytes).
    Removing stm32f4xx_hal_rcc.o(i.HAL_RCC_NMI_IRQHandler), (28 bytes).
    Removing stm32f4xx_hal_rcc.o(i.HAL_RCC_OscConfig), (796 bytes).
    Removing stm32f4xx_hal_rcc_ex.o(.rev16_text), (4 bytes).
    Removing stm32f4xx_hal_rcc_ex.o(.revsh_text), (4 bytes).
    Removing stm32f4xx_hal_rcc_ex.o(.rrx_text), (6 bytes).
    Removing stm32f4xx_hal_rcc_ex.o(i.HAL_RCCEx_DisablePLLI2S), (52 bytes).
    Removing stm32f4xx_hal_rcc_ex.o(i.HAL_RCCEx_EnablePLLI2S), (116 bytes).
    Removing stm32f4xx_hal_rcc_ex.o(i.HAL_RCCEx_GetPeriphCLKConfig), (152 bytes).
    Removing stm32f4xx_hal_rcc_ex.o(i.HAL_RCCEx_GetPeriphCLKFreq), (220 bytes).
    Removing stm32f4xx_hal_rcc_ex.o(i.HAL_RCCEx_PeriphCLKConfig), (608 bytes).
    Removing stm32f4xx_hal_rcc_ex.o(i.HAL_RCCEx_SelectLSEMode), (28 bytes).
    Removing stm32f4xx_hal_rcc_ex.o(i.HAL_RCC_DeInit), (296 bytes).
    Removing stm32f4xx_hal_rcc_ex.o(i.HAL_RCC_GetOscConfig), (188 bytes).
    Removing stm32f4xx_hal_flash.o(.rev16_text), (4 bytes).
    Removing stm32f4xx_hal_flash.o(.revsh_text), (4 bytes).
    Removing stm32f4xx_hal_flash.o(.rrx_text), (6 bytes).
    Removing stm32f4xx_hal_flash.o(i.FLASH_Program_Byte), (32 bytes).
    Removing stm32f4xx_hal_flash.o(i.FLASH_Program_DoubleWord), (40 bytes).
    Removing stm32f4xx_hal_flash.o(i.FLASH_Program_HalfWord), (36 bytes).
    Removing stm32f4xx_hal_flash.o(i.FLASH_Program_Word), (36 bytes).
    Removing stm32f4xx_hal_flash.o(i.FLASH_SetErrorCode), (124 bytes).
    Removing stm32f4xx_hal_flash.o(i.FLASH_WaitForLastOperation), (80 bytes).
    Removing stm32f4xx_hal_flash.o(i.HAL_FLASH_EndOfOperationCallback), (2 bytes).
    Removing stm32f4xx_hal_flash.o(i.HAL_FLASH_GetError), (12 bytes).
    Removing stm32f4xx_hal_flash.o(i.HAL_FLASH_IRQHandler), (204 bytes).
    Removing stm32f4xx_hal_flash.o(i.HAL_FLASH_Lock), (20 bytes).
    Removing stm32f4xx_hal_flash.o(i.HAL_FLASH_OB_Launch), (24 bytes).
    Removing stm32f4xx_hal_flash.o(i.HAL_FLASH_OB_Lock), (20 bytes).
    Removing stm32f4xx_hal_flash.o(i.HAL_FLASH_OB_Unlock), (40 bytes).
    Removing stm32f4xx_hal_flash.o(i.HAL_FLASH_OperationErrorCallback), (2 bytes).
    Removing stm32f4xx_hal_flash.o(i.HAL_FLASH_Program), (124 bytes).
    Removing stm32f4xx_hal_flash.o(i.HAL_FLASH_Program_IT), (108 bytes).
    Removing stm32f4xx_hal_flash.o(i.HAL_FLASH_Unlock), (44 bytes).
    Removing stm32f4xx_hal_flash.o(.bss), (32 bytes).
    Removing stm32f4xx_hal_flash_ex.o(.rev16_text), (4 bytes).
    Removing stm32f4xx_hal_flash_ex.o(.revsh_text), (4 bytes).
    Removing stm32f4xx_hal_flash_ex.o(.rrx_text), (6 bytes).
    Removing stm32f4xx_hal_flash_ex.o(i.FLASH_Erase_Sector), (80 bytes).
    Removing stm32f4xx_hal_flash_ex.o(i.FLASH_FlushCaches), (84 bytes).
    Removing stm32f4xx_hal_flash_ex.o(i.FLASH_MassErase), (40 bytes).
    Removing stm32f4xx_hal_flash_ex.o(i.HAL_FLASHEx_AdvOBGetConfig), (12 bytes).
    Removing stm32f4xx_hal_flash_ex.o(i.HAL_FLASHEx_AdvOBProgram), (60 bytes).
    Removing stm32f4xx_hal_flash_ex.o(i.HAL_FLASHEx_Erase), (152 bytes).
    Removing stm32f4xx_hal_flash_ex.o(i.HAL_FLASHEx_Erase_IT), (104 bytes).
    Removing stm32f4xx_hal_flash_ex.o(i.HAL_FLASHEx_OBGetConfig), (64 bytes).
    Removing stm32f4xx_hal_flash_ex.o(i.HAL_FLASHEx_OBProgram), (204 bytes).
    Removing stm32f4xx_hal_flash_ex.o(i.HAL_FLASHEx_OB_DeSelectPCROP), (20 bytes).
    Removing stm32f4xx_hal_flash_ex.o(i.HAL_FLASHEx_OB_SelectPCROP), (24 bytes).
    Removing stm32f4xx_hal_flash_ramfunc.o(.rev16_text), (4 bytes).
    Removing stm32f4xx_hal_flash_ramfunc.o(.revsh_text), (4 bytes).
    Removing stm32f4xx_hal_flash_ramfunc.o(.rrx_text), (6 bytes).
    Removing stm32f4xx_hal_flash_ramfunc.o(i.HAL_FLASHEx_DisableFlashSleepMode), (44 bytes).
    Removing stm32f4xx_hal_flash_ramfunc.o(i.HAL_FLASHEx_EnableFlashSleepMode), (44 bytes).
    Removing stm32f4xx_hal_flash_ramfunc.o(i.HAL_FLASHEx_StartFlashInterfaceClk), (44 bytes).
    Removing stm32f4xx_hal_flash_ramfunc.o(i.HAL_FLASHEx_StopFlashInterfaceClk), (44 bytes).
    Removing stm32f4xx_hal_gpio.o(.rev16_text), (4 bytes).
    Removing stm32f4xx_hal_gpio.o(.revsh_text), (4 bytes).
    Removing stm32f4xx_hal_gpio.o(.rrx_text), (6 bytes).
    Removing stm32f4xx_hal_gpio.o(i.HAL_GPIO_DeInit), (308 bytes).
    Removing stm32f4xx_hal_gpio.o(i.HAL_GPIO_EXTI_Callback), (2 bytes).
    Removing stm32f4xx_hal_gpio.o(i.HAL_GPIO_EXTI_IRQHandler), (24 bytes).
    Removing stm32f4xx_hal_gpio.o(i.HAL_GPIO_LockPin), (34 bytes).
    Removing stm32f4xx_hal_gpio.o(i.HAL_GPIO_ReadPin), (10 bytes).
    Removing stm32f4xx_hal_gpio.o(i.HAL_GPIO_TogglePin), (8 bytes).
    Removing stm32f4xx_hal_dma_ex.o(.rev16_text), (4 bytes).
    Removing stm32f4xx_hal_dma_ex.o(.revsh_text), (4 bytes).
    Removing stm32f4xx_hal_dma_ex.o(.rrx_text), (6 bytes).
    Removing stm32f4xx_hal_dma_ex.o(i.DMA_MultiBufferSetConfig), (30 bytes).
    Removing stm32f4xx_hal_dma_ex.o(i.HAL_DMAEx_ChangeMemory), (14 bytes).
    Removing stm32f4xx_hal_dma_ex.o(i.HAL_DMAEx_MultiBufferStart), (100 bytes).
    Removing stm32f4xx_hal_dma_ex.o(i.HAL_DMAEx_MultiBufferStart_IT), (2432 bytes).
    Removing stm32f4xx_hal_dma.o(.rev16_text), (4 bytes).
    Removing stm32f4xx_hal_dma.o(.revsh_text), (4 bytes).
    Removing stm32f4xx_hal_dma.o(.rrx_text), (6 bytes).
    Removing stm32f4xx_hal_dma.o(i.DMA_CalcBaseAndBitshift), (40 bytes).
    Removing stm32f4xx_hal_dma.o(i.DMA_CheckFifoParam), (84 bytes).
    Removing stm32f4xx_hal_dma.o(i.DMA_SetConfig), (40 bytes).
    Removing stm32f4xx_hal_dma.o(i.HAL_DMA_Abort), (142 bytes).
    Removing stm32f4xx_hal_dma.o(i.HAL_DMA_Abort_IT), (36 bytes).
    Removing stm32f4xx_hal_dma.o(i.HAL_DMA_DeInit), (86 bytes).
    Removing stm32f4xx_hal_dma.o(i.HAL_DMA_GetError), (4 bytes).
    Removing stm32f4xx_hal_dma.o(i.HAL_DMA_GetState), (6 bytes).
    Removing stm32f4xx_hal_dma.o(i.HAL_DMA_IRQHandler), (416 bytes).
    Removing stm32f4xx_hal_dma.o(i.HAL_DMA_Init), (212 bytes).
    Removing stm32f4xx_hal_dma.o(i.HAL_DMA_PollForTransfer), (292 bytes).
    Removing stm32f4xx_hal_dma.o(i.HAL_DMA_RegisterCallback), (80 bytes).
    Removing stm32f4xx_hal_dma.o(i.HAL_DMA_Start), (70 bytes).
    Removing stm32f4xx_hal_dma.o(i.HAL_DMA_Start_IT), (120 bytes).
    Removing stm32f4xx_hal_dma.o(i.HAL_DMA_UnRegisterCallback), (96 bytes).
    Removing stm32f4xx_hal_dma.o(.constdata), (8 bytes).
    Removing stm32f4xx_hal_pwr.o(.rev16_text), (4 bytes).
    Removing stm32f4xx_hal_pwr.o(.revsh_text), (4 bytes).
    Removing stm32f4xx_hal_pwr.o(.rrx_text), (6 bytes).
    Removing stm32f4xx_hal_pwr.o(i.HAL_PWR_ConfigPVD), (124 bytes).
    Removing stm32f4xx_hal_pwr.o(i.HAL_PWR_DeInit), (24 bytes).
    Removing stm32f4xx_hal_pwr.o(i.HAL_PWR_DisableBkUpAccess), (12 bytes).
    Removing stm32f4xx_hal_pwr.o(i.HAL_PWR_DisablePVD), (12 bytes).
    Removing stm32f4xx_hal_pwr.o(i.HAL_PWR_DisableSEVOnPend), (16 bytes).
    Removing stm32f4xx_hal_pwr.o(i.HAL_PWR_DisableSleepOnExit), (16 bytes).
    Removing stm32f4xx_hal_pwr.o(i.HAL_PWR_DisableWakeUpPin), (16 bytes).
    Removing stm32f4xx_hal_pwr.o(i.HAL_PWR_EnableBkUpAccess), (12 bytes).
    Removing stm32f4xx_hal_pwr.o(i.HAL_PWR_EnablePVD), (12 bytes).
    Removing stm32f4xx_hal_pwr.o(i.HAL_PWR_EnableSEVOnPend), (16 bytes).
    Removing stm32f4xx_hal_pwr.o(i.HAL_PWR_EnableSleepOnExit), (16 bytes).
    Removing stm32f4xx_hal_pwr.o(i.HAL_PWR_EnableWakeUpPin), (16 bytes).
    Removing stm32f4xx_hal_pwr.o(i.HAL_PWR_EnterSLEEPMode), (32 bytes).
    Removing stm32f4xx_hal_pwr.o(i.HAL_PWR_EnterSTANDBYMode), (32 bytes).
    Removing stm32f4xx_hal_pwr.o(i.HAL_PWR_EnterSTOPMode), (56 bytes).
    Removing stm32f4xx_hal_pwr.o(i.HAL_PWR_PVDCallback), (2 bytes).
    Removing stm32f4xx_hal_pwr.o(i.HAL_PWR_PVD_IRQHandler), (28 bytes).
    Removing stm32f4xx_hal_pwr_ex.o(.rev16_text), (4 bytes).
    Removing stm32f4xx_hal_pwr_ex.o(.revsh_text), (4 bytes).
    Removing stm32f4xx_hal_pwr_ex.o(.rrx_text), (6 bytes).
    Removing stm32f4xx_hal_pwr_ex.o(i.HAL_PWREx_ControlVoltageScaling), (176 bytes).
    Removing stm32f4xx_hal_pwr_ex.o(i.HAL_PWREx_DisableBkUpReg), (60 bytes).
    Removing stm32f4xx_hal_pwr_ex.o(i.HAL_PWREx_DisableFlashPowerDown), (12 bytes).
    Removing stm32f4xx_hal_pwr_ex.o(i.HAL_PWREx_DisableLowRegulatorLowVoltage), (12 bytes).
    Removing stm32f4xx_hal_pwr_ex.o(i.HAL_PWREx_DisableMainRegulatorLowVoltage), (12 bytes).
    Removing stm32f4xx_hal_pwr_ex.o(i.HAL_PWREx_EnableBkUpReg), (60 bytes).
    Removing stm32f4xx_hal_pwr_ex.o(i.HAL_PWREx_EnableFlashPowerDown), (12 bytes).
    Removing stm32f4xx_hal_pwr_ex.o(i.HAL_PWREx_EnableLowRegulatorLowVoltage), (12 bytes).
    Removing stm32f4xx_hal_pwr_ex.o(i.HAL_PWREx_EnableMainRegulatorLowVoltage), (12 bytes).
    Removing stm32f4xx_hal_pwr_ex.o(i.HAL_PWREx_GetVoltageRange), (16 bytes).
    Removing stm32f4xx_hal_cortex.o(.rev16_text), (4 bytes).
    Removing stm32f4xx_hal_cortex.o(.revsh_text), (4 bytes).
    Removing stm32f4xx_hal_cortex.o(.rrx_text), (6 bytes).
    Removing stm32f4xx_hal_cortex.o(i.HAL_MPU_ConfigRegion), (84 bytes).
    Removing stm32f4xx_hal_cortex.o(i.HAL_MPU_Disable), (28 bytes).
    Removing stm32f4xx_hal_cortex.o(i.HAL_MPU_Enable), (36 bytes).
    Removing stm32f4xx_hal_cortex.o(i.HAL_NVIC_ClearPendingIRQ), (22 bytes).
    Removing stm32f4xx_hal_cortex.o(i.HAL_NVIC_DisableIRQ), (22 bytes).
    Removing stm32f4xx_hal_cortex.o(i.HAL_NVIC_GetActive), (32 bytes).
    Removing stm32f4xx_hal_cortex.o(i.HAL_NVIC_GetPendingIRQ), (32 bytes).
    Removing stm32f4xx_hal_cortex.o(i.HAL_NVIC_GetPriority), (82 bytes).
    Removing stm32f4xx_hal_cortex.o(i.HAL_NVIC_GetPriorityGrouping), (16 bytes).
    Removing stm32f4xx_hal_cortex.o(i.HAL_NVIC_SetPendingIRQ), (22 bytes).
    Removing stm32f4xx_hal_cortex.o(i.HAL_NVIC_SystemReset), (36 bytes).
    Removing stm32f4xx_hal_cortex.o(i.HAL_SYSTICK_CLKSourceConfig), (24 bytes).
    Removing stm32f4xx_hal_cortex.o(i.HAL_SYSTICK_Callback), (2 bytes).
    Removing stm32f4xx_hal_cortex.o(i.HAL_SYSTICK_IRQHandler), (8 bytes).
    Removing stm32f4xx_hal.o(.rev16_text), (4 bytes).
    Removing stm32f4xx_hal.o(.revsh_text), (4 bytes).
    Removing stm32f4xx_hal.o(.rrx_text), (6 bytes).
    Removing stm32f4xx_hal.o(i.HAL_DBGMCU_DisableDBGSleepMode), (16 bytes).
    Removing stm32f4xx_hal.o(i.HAL_DBGMCU_DisableDBGStandbyMode), (16 bytes).
    Removing stm32f4xx_hal.o(i.HAL_DBGMCU_DisableDBGStopMode), (16 bytes).
    Removing stm32f4xx_hal.o(i.HAL_DBGMCU_EnableDBGSleepMode), (16 bytes).
    Removing stm32f4xx_hal.o(i.HAL_DBGMCU_EnableDBGStandbyMode), (16 bytes).
    Removing stm32f4xx_hal.o(i.HAL_DBGMCU_EnableDBGStopMode), (16 bytes).
    Removing stm32f4xx_hal.o(i.HAL_DeInit), (52 bytes).
    Removing stm32f4xx_hal.o(i.HAL_Delay), (36 bytes).
    Removing stm32f4xx_hal.o(i.HAL_DisableCompensationCell), (12 bytes).
    Removing stm32f4xx_hal.o(i.HAL_EnableCompensationCell), (12 bytes).
    Removing stm32f4xx_hal.o(i.HAL_GetDEVID), (16 bytes).
    Removing stm32f4xx_hal.o(i.HAL_GetHalVersion), (8 bytes).
    Removing stm32f4xx_hal.o(i.HAL_GetREVID), (12 bytes).
    Removing stm32f4xx_hal.o(i.HAL_GetTickFreq), (12 bytes).
    Removing stm32f4xx_hal.o(i.HAL_GetTickPrio), (12 bytes).
    Removing stm32f4xx_hal.o(i.HAL_GetUID), (28 bytes).
    Removing stm32f4xx_hal.o(i.HAL_MspDeInit), (2 bytes).
    Removing stm32f4xx_hal.o(i.HAL_MspInit), (2 bytes).
    Removing stm32f4xx_hal.o(i.HAL_ResumeTick), (14 bytes).
    Removing stm32f4xx_hal.o(i.HAL_SetTickFreq), (28 bytes).
    Removing stm32f4xx_hal.o(i.HAL_SuspendTick), (14 bytes).
    Removing system_stm32f4xx.o(.rev16_text), (4 bytes).
    Removing system_stm32f4xx.o(.revsh_text), (4 bytes).
    Removing system_stm32f4xx.o(.rrx_text), (6 bytes).
    Removing system_stm32f4xx.o(i.SystemCoreClockUpdate), (124 bytes).
    Removing system_stm32f4xx.o(.constdata), (8 bytes).

368 unused section(s) (total 24830 bytes) removed from the image.

==============================================================================

Image Symbol Table

    Local Symbols

    Symbol Name                              Value     Ov Type        Size  Object(Section)

    ../Drivers/STM32F4xx_HAL_Driver/Src/stm32f4xx_hal.c 0x00000000   Number         0  stm32f4xx_hal.o ABSOLUTE
    ../Drivers/STM32F4xx_HAL_Driver/Src/stm32f4xx_hal_adc.c 0x00000000   Number         0  stm32f4xx_hal_adc.o ABSOLUTE
    ../Drivers/STM32F4xx_HAL_Driver/Src/stm32f4xx_hal_adc_ex.c 0x00000000   Number         0  stm32f4xx_hal_adc_ex.o ABSOLUTE
    ../Drivers/STM32F4xx_HAL_Driver/Src/stm32f4xx_hal_cortex.c 0x00000000   Number         0  stm32f4xx_hal_cortex.o ABSOLUTE
    ../Drivers/STM32F4xx_HAL_Driver/Src/stm32f4xx_hal_dma.c 0x00000000   Number         0  stm32f4xx_hal_dma.o ABSOLUTE
    ../Drivers/STM32F4xx_HAL_Driver/Src/stm32f4xx_hal_dma_ex.c 0x00000000   Number         0  stm32f4xx_hal_dma_ex.o ABSOLUTE
    ../Drivers/STM32F4xx_HAL_Driver/Src/stm32f4xx_hal_flash.c 0x00000000   Number         0  stm32f4xx_hal_flash.o ABSOLUTE
    ../Drivers/STM32F4xx_HAL_Driver/Src/stm32f4xx_hal_flash_ex.c 0x00000000   Number         0  stm32f4xx_hal_flash_ex.o ABSOLUTE
    ../Drivers/STM32F4xx_HAL_Driver/Src/stm32f4xx_hal_flash_ramfunc.c 0x00000000   Number         0  stm32f4xx_hal_flash_ramfunc.o ABSOLUTE
    ../Drivers/STM32F4xx_HAL_Driver/Src/stm32f4xx_hal_gpio.c 0x00000000   Number         0  stm32f4xx_hal_gpio.o ABSOLUTE
    ../Drivers/STM32F4xx_HAL_Driver/Src/stm32f4xx_hal_pwr.c 0x00000000   Number         0  stm32f4xx_hal_pwr.o ABSOLUTE
    ../Drivers/STM32F4xx_HAL_Driver/Src/stm32f4xx_hal_pwr_ex.c 0x00000000   Number         0  stm32f4xx_hal_pwr_ex.o ABSOLUTE
    ../Drivers/STM32F4xx_HAL_Driver/Src/stm32f4xx_hal_rcc.c 0x00000000   Number         0  stm32f4xx_hal_rcc.o ABSOLUTE
    ../Drivers/STM32F4xx_HAL_Driver/Src/stm32f4xx_hal_rcc_ex.c 0x00000000   Number         0  stm32f4xx_hal_rcc_ex.o ABSOLUTE
    ../Drivers/STM32F4xx_HAL_Driver/Src/stm32f4xx_hal_tim.c 0x00000000   Number         0  stm32f4xx_hal_tim.o ABSOLUTE
    ../Drivers/STM32F4xx_HAL_Driver/Src/stm32f4xx_hal_tim_ex.c 0x00000000   Number         0  stm32f4xx_hal_tim_ex.o ABSOLUTE
    ../Src/main.c                            0x00000000   Number         0  main.o ABSOLUTE
    ../Src/stm32f4xx_hal_msp.c               0x00000000   Number         0  stm32f4xx_hal_msp.o ABSOLUTE
    ../Src/stm32f4xx_it.c                    0x00000000   Number         0  stm32f4xx_it.o ABSOLUTE
    ../Src/system_stm32f4xx.c                0x00000000   Number         0  system_stm32f4xx.o ABSOLUTE
    ../clib/microlib/division.c              0x00000000   Number         0  uldiv.o ABSOLUTE
    ../clib/microlib/init/entry.s            0x00000000   Number         0  entry2.o ABSOLUTE
    ../clib/microlib/init/entry.s            0x00000000   Number         0  entry9a.o ABSOLUTE
    ../clib/microlib/init/entry.s            0x00000000   Number         0  entry9b.o ABSOLUTE
    ../clib/microlib/init/entry.s            0x00000000   Number         0  entry10b.o ABSOLUTE
    ../clib/microlib/init/entry.s            0x00000000   Number         0  entry.o ABSOLUTE
    ../clib/microlib/init/entry.s            0x00000000   Number         0  entry11a.o ABSOLUTE
    ../clib/microlib/init/entry.s            0x00000000   Number         0  entry11b.o ABSOLUTE
    ../clib/microlib/init/entry.s            0x00000000   Number         0  entry5.o ABSOLUTE
    ../clib/microlib/init/entry.s            0x00000000   Number         0  entry10a.o ABSOLUTE
    ../clib/microlib/init/entry.s            0x00000000   Number         0  entry7a.o ABSOLUTE
    ../clib/microlib/init/entry.s            0x00000000   Number         0  entry8b.o ABSOLUTE
    ../clib/microlib/init/entry.s            0x00000000   Number         0  entry7b.o ABSOLUTE
    ../clib/microlib/init/entry.s            0x00000000   Number         0  entry8a.o ABSOLUTE
    ../clib/microlib/longlong.c              0x00000000   Number         0  llushr.o ABSOLUTE
    ../clib/microlib/longlong.c              0x00000000   Number         0  llshl.o ABSOLUTE
    ../clib/microlib/string/memset.c         0x00000000   Number         0  memseta.o ABSOLUTE
    ..\Drivers\STM32F4xx_HAL_Driver\Src\stm32f4xx_hal.c 0x00000000   Number         0  stm32f4xx_hal.o ABSOLUTE
    ..\Drivers\STM32F4xx_HAL_Driver\Src\stm32f4xx_hal_adc.c 0x00000000   Number         0  stm32f4xx_hal_adc.o ABSOLUTE
    ..\Drivers\STM32F4xx_HAL_Driver\Src\stm32f4xx_hal_adc_ex.c 0x00000000   Number         0  stm32f4xx_hal_adc_ex.o ABSOLUTE
    ..\Drivers\STM32F4xx_HAL_Driver\Src\stm32f4xx_hal_cortex.c 0x00000000   Number         0  stm32f4xx_hal_cortex.o ABSOLUTE
    ..\Drivers\STM32F4xx_HAL_Driver\Src\stm32f4xx_hal_dma.c 0x00000000   Number         0  stm32f4xx_hal_dma.o ABSOLUTE
    ..\Drivers\STM32F4xx_HAL_Driver\Src\stm32f4xx_hal_dma_ex.c 0x00000000   Number         0  stm32f4xx_hal_dma_ex.o ABSOLUTE
    ..\Drivers\STM32F4xx_HAL_Driver\Src\stm32f4xx_hal_flash.c 0x00000000   Number         0  stm32f4xx_hal_flash.o ABSOLUTE
    ..\Drivers\STM32F4xx_HAL_Driver\Src\stm32f4xx_hal_flash_ex.c 0x00000000   Number         0  stm32f4xx_hal_flash_ex.o ABSOLUTE
    ..\Drivers\STM32F4xx_HAL_Driver\Src\stm32f4xx_hal_flash_ramfunc.c 0x00000000   Number         0  stm32f4xx_hal_flash_ramfunc.o ABSOLUTE
    ..\Drivers\STM32F4xx_HAL_Driver\Src\stm32f4xx_hal_gpio.c 0x00000000   Number         0  stm32f4xx_hal_gpio.o ABSOLUTE
    ..\Drivers\STM32F4xx_HAL_Driver\Src\stm32f4xx_hal_pwr.c 0x00000000   Number         0  stm32f4xx_hal_pwr.o ABSOLUTE
    ..\Drivers\STM32F4xx_HAL_Driver\Src\stm32f4xx_hal_pwr_ex.c 0x00000000   Number         0  stm32f4xx_hal_pwr_ex.o ABSOLUTE
    ..\Drivers\STM32F4xx_HAL_Driver\Src\stm32f4xx_hal_rcc.c 0x00000000   Number         0  stm32f4xx_hal_rcc.o ABSOLUTE
    ..\Drivers\STM32F4xx_HAL_Driver\Src\stm32f4xx_hal_rcc_ex.c 0x00000000   Number         0  stm32f4xx_hal_rcc_ex.o ABSOLUTE
    ..\Drivers\STM32F4xx_HAL_Driver\Src\stm32f4xx_hal_tim.c 0x00000000   Number         0  stm32f4xx_hal_tim.o ABSOLUTE
    ..\Drivers\STM32F4xx_HAL_Driver\Src\stm32f4xx_hal_tim_ex.c 0x00000000   Number         0  stm32f4xx_hal_tim_ex.o ABSOLUTE
    ..\Src\main.c                            0x00000000   Number         0  main.o ABSOLUTE
    ..\Src\stm32f4xx_hal_msp.c               0x00000000   Number         0  stm32f4xx_hal_msp.o ABSOLUTE
    ..\Src\stm32f4xx_it.c                    0x00000000   Number         0  stm32f4xx_it.o ABSOLUTE
    ..\Src\system_stm32f4xx.c                0x00000000   Number         0  system_stm32f4xx.o ABSOLUTE
    dc.s                                     0x00000000   Number         0  dc.o ABSOLUTE
    handlers.s                               0x00000000   Number         0  handlers.o ABSOLUTE
    init.s                                   0x00000000   Number         0  init.o ABSOLUTE
    startup_stm32f412vx.s                    0x00000000   Number         0  startup_stm32f412vx.o ABSOLUTE
    RESET                                    0x08000000   Section      452  startup_stm32f412vx.o(RESET)
    .ARM.Collect$$$$00000000                 0x080001c4   Section        0  entry.o(.ARM.Collect$$$$00000000)
    .ARM.Collect$$$$00000001                 0x080001c4   Section        4  entry2.o(.ARM.Collect$$$$00000001)
    .ARM.Collect$$$$00000004                 0x080001c8   Section        4  entry5.o(.ARM.Collect$$$$00000004)
    .ARM.Collect$$$$00000008                 0x080001cc   Section        0  entry7b.o(.ARM.Collect$$$$00000008)
    .ARM.Collect$$$$0000000A                 0x080001cc   Section        0  entry8b.o(.ARM.Collect$$$$0000000A)
    .ARM.Collect$$$$0000000B                 0x080001cc   Section        8  entry9a.o(.ARM.Collect$$$$0000000B)
    .ARM.Collect$$$$0000000D                 0x080001d4   Section        0  entry10a.o(.ARM.Collect$$$$0000000D)
    .ARM.Collect$$$$0000000F                 0x080001d4   Section        0  entry11a.o(.ARM.Collect$$$$0000000F)
    .ARM.Collect$$$$00002712                 0x080001d4   Section        4  entry2.o(.ARM.Collect$$$$00002712)
    __lit__00000000                          0x080001d4   Data           4  entry2.o(.ARM.Collect$$$$00002712)
    .text                                    0x080001d8   Section       36  startup_stm32f412vx.o(.text)
    $v0                                      0x080001d8   Number         0  startup_stm32f412vx.o(.text)
    .text                                    0x080001fc   Section        0  uldiv.o(.text)
    .text                                    0x0800025e   Section        0  memseta.o(.text)
    .text                                    0x08000282   Section        0  llshl.o(.text)
    .text                                    0x080002a0   Section        0  llushr.o(.text)
    .text                                    0x080002c0   Section       36  init.o(.text)
    i.ADC_Init                               0x080002e4   Section        0  stm32f4xx_hal_adc.o(i.ADC_Init)
    ADC_Init                                 0x080002e5   Thumb Code   280  stm32f4xx_hal_adc.o(i.ADC_Init)
    i.BusFault_Handler                       0x08000408   Section        0  stm32f4xx_it.o(i.BusFault_Handler)
    i.DebugMon_Handler                       0x0800040a   Section        0  stm32f4xx_it.o(i.DebugMon_Handler)
    i.Error_Handler                          0x0800040c   Section        0  main.o(i.Error_Handler)
    i.HAL_ADC_ConfigChannel                  0x08000430   Section        0  stm32f4xx_hal_adc.o(i.HAL_ADC_ConfigChannel)
    i.HAL_ADC_GetValue                       0x0800057c   Section        0  stm32f4xx_hal_adc.o(i.HAL_ADC_GetValue)
    i.HAL_ADC_Init                           0x08000582   Section        0  stm32f4xx_hal_adc.o(i.HAL_ADC_Init)
    i.HAL_ADC_MspInit                        0x080005d8   Section        0  stm32f4xx_hal_msp.o(i.HAL_ADC_MspInit)
    i.HAL_ADC_PollForConversion              0x08000638   Section        0  stm32f4xx_hal_adc.o(i.HAL_ADC_PollForConversion)
    i.HAL_ADC_Start                          0x080006dc   Section        0  stm32f4xx_hal_adc.o(i.HAL_ADC_Start)
    i.HAL_ADC_Stop                           0x08000798   Section        0  stm32f4xx_hal_adc.o(i.HAL_ADC_Stop)
    i.HAL_GPIO_Init                          0x080007d4   Section        0  stm32f4xx_hal_gpio.o(i.HAL_GPIO_Init)
    i.HAL_GPIO_WritePin                      0x08000978   Section        0  stm32f4xx_hal_gpio.o(i.HAL_GPIO_WritePin)
    i.HAL_GetTick                            0x08000984   Section        0  stm32f4xx_hal.o(i.HAL_GetTick)
    i.HAL_IncTick                            0x08000990   Section        0  stm32f4xx_hal.o(i.HAL_IncTick)
    i.HAL_Init                               0x080009a0   Section        0  stm32f4xx_hal.o(i.HAL_Init)
    i.HAL_InitTick                           0x080009d4   Section        0  stm32f4xx_hal.o(i.HAL_InitTick)
    i.HAL_MspInit                            0x08000a14   Section        0  stm32f4xx_hal_msp.o(i.HAL_MspInit)
    i.HAL_NVIC_EnableIRQ                     0x08000a44   Section        0  stm32f4xx_hal_cortex.o(i.HAL_NVIC_EnableIRQ)
    i.HAL_NVIC_SetPriority                   0x08000a5c   Section        0  stm32f4xx_hal_cortex.o(i.HAL_NVIC_SetPriority)
    i.HAL_NVIC_SetPriorityGrouping           0x08000a9c   Section        0  stm32f4xx_hal_cortex.o(i.HAL_NVIC_SetPriorityGrouping)
    i.HAL_RCC_ClockConfig                    0x08000ac0   Section        0  stm32f4xx_hal_rcc.o(i.HAL_RCC_ClockConfig)
    i.HAL_RCC_GetSysClockFreq                0x08000bf0   Section        0  stm32f4xx_hal_rcc.o(i.HAL_RCC_GetSysClockFreq)
    i.HAL_RCC_OscConfig                      0x08000c54   Section        0  stm32f4xx_hal_rcc_ex.o(i.HAL_RCC_OscConfig)
    i.HAL_SYSTICK_Config                     0x08000f78   Section        0  stm32f4xx_hal_cortex.o(i.HAL_SYSTICK_Config)
    i.HAL_TIMEx_MasterConfigSynchronization  0x08000fa0   Section        0  stm32f4xx_hal_tim_ex.o(i.HAL_TIMEx_MasterConfigSynchronization)
    i.HAL_TIM_Base_Init                      0x08000ff0   Section        0  stm32f4xx_hal_tim.o(i.HAL_TIM_Base_Init)
    i.HAL_TIM_Base_MspInit                   0x08001028   Section        0  stm32f4xx_hal_msp.o(i.HAL_TIM_Base_MspInit)
    i.HAL_TIM_Base_Start_IT                  0x08001064   Section        0  stm32f4xx_hal_tim.o(i.HAL_TIM_Base_Start_IT)
    i.HAL_TIM_ConfigClockSource              0x0800107c   Section        0  stm32f4xx_hal_tim.o(i.HAL_TIM_ConfigClockSource)
    i.HAL_TIM_OC_ConfigChannel               0x0800116e   Section        0  stm32f4xx_hal_tim.o(i.HAL_TIM_OC_ConfigChannel)
    i.HAL_TIM_OC_Init                        0x080011c4   Section        0  stm32f4xx_hal_tim.o(i.HAL_TIM_OC_Init)
    i.HAL_TIM_OC_MspInit                     0x080011fa   Section        0  stm32f4xx_hal_tim.o(i.HAL_TIM_OC_MspInit)
    i.HAL_TIM_OC_Start_IT                    0x080011fc   Section        0  stm32f4xx_hal_tim.o(i.HAL_TIM_OC_Start_IT)
    i.HardFault_Handler                      0x08001268   Section        0  stm32f4xx_it.o(i.HardFault_Handler)
    i.MX_ADC1_Init                           0x0800126c   Section        0  main.o(i.MX_ADC1_Init)
    MX_ADC1_Init                             0x0800126d   Thumb Code   108  main.o(i.MX_ADC1_Init)
    i.MX_GPIO_Init                           0x080012e8   Section        0  main.o(i.MX_GPIO_Init)
    MX_GPIO_Init                             0x080012e9   Thumb Code   292  main.o(i.MX_GPIO_Init)
    i.MX_TIM4_Init                           0x08001424   Section        0  main.o(i.MX_TIM4_Init)
    MX_TIM4_Init                             0x08001425   Thumb Code   184  main.o(i.MX_TIM4_Init)
    i.MemManage_Handler                      0x080014e4   Section        0  stm32f4xx_it.o(i.MemManage_Handler)
    i.NMI_Handler                            0x080014e6   Section        0  stm32f4xx_it.o(i.NMI_Handler)
    i.NVIC_SetPriority                       0x080014e8   Section        0  stm32f4xx_hal_cortex.o(i.NVIC_SetPriority)
    NVIC_SetPriority                         0x080014e9   Thumb Code    32  stm32f4xx_hal_cortex.o(i.NVIC_SetPriority)
    i.PendSV_Handler                         0x08001508   Section        0  stm32f4xx_it.o(i.PendSV_Handler)
    i.SVC_Handler                            0x0800150a   Section        0  stm32f4xx_it.o(i.SVC_Handler)
    i.SysTick_Handler                        0x0800150c   Section        0  stm32f4xx_it.o(i.SysTick_Handler)
    i.SystemClock_Config                     0x08001510   Section        0  main.o(i.SystemClock_Config)
    i.SystemInit                             0x080015a0   Section        0  system_stm32f4xx.o(i.SystemInit)
    i.TIM4_IRQHandler                        0x080015f4   Section        0  main.o(i.TIM4_IRQHandler)
    i.TIM_Base_SetConfig                     0x0800167c   Section        0  stm32f4xx_hal_tim.o(i.TIM_Base_SetConfig)
    i.TIM_CCxChannelCmd                      0x0800173c   Section        0  stm32f4xx_hal_tim.o(i.TIM_CCxChannelCmd)
    i.TIM_ETR_SetConfig                      0x08001752   Section        0  stm32f4xx_hal_tim.o(i.TIM_ETR_SetConfig)
    TIM_ETR_SetConfig                        0x08001753   Thumb Code    20  stm32f4xx_hal_tim.o(i.TIM_ETR_SetConfig)
    i.TIM_ITRx_SetConfig                     0x08001766   Section        0  stm32f4xx_hal_tim.o(i.TIM_ITRx_SetConfig)
    TIM_ITRx_SetConfig                       0x08001767   Thumb Code    16  stm32f4xx_hal_tim.o(i.TIM_ITRx_SetConfig)
    i.TIM_OC1_SetConfig                      0x08001778   Section        0  stm32f4xx_hal_tim.o(i.TIM_OC1_SetConfig)
    TIM_OC1_SetConfig                        0x08001779   Thumb Code    80  stm32f4xx_hal_tim.o(i.TIM_OC1_SetConfig)
    i.TIM_OC2_SetConfig                      0x080017d0   Section        0  stm32f4xx_hal_tim.o(i.TIM_OC2_SetConfig)
    i.TIM_OC3_SetConfig                      0x08001834   Section        0  stm32f4xx_hal_tim.o(i.TIM_OC3_SetConfig)
    TIM_OC3_SetConfig                        0x08001835   Thumb Code    88  stm32f4xx_hal_tim.o(i.TIM_OC3_SetConfig)
    i.TIM_OC4_SetConfig                      0x08001894   Section        0  stm32f4xx_hal_tim.o(i.TIM_OC4_SetConfig)
    TIM_OC4_SetConfig                        0x08001895   Thumb Code    70  stm32f4xx_hal_tim.o(i.TIM_OC4_SetConfig)
    i.TIM_TI1_ConfigInputStage               0x080018e4   Section        0  stm32f4xx_hal_tim.o(i.TIM_TI1_ConfigInputStage)
    TIM_TI1_ConfigInputStage                 0x080018e5   Thumb Code    34  stm32f4xx_hal_tim.o(i.TIM_TI1_ConfigInputStage)
    i.TIM_TI2_ConfigInputStage               0x08001906   Section        0  stm32f4xx_hal_tim.o(i.TIM_TI2_ConfigInputStage)
    TIM_TI2_ConfigInputStage                 0x08001907   Thumb Code    36  stm32f4xx_hal_tim.o(i.TIM_TI2_ConfigInputStage)
    i.UsageFault_Handler                     0x0800192a   Section        0  stm32f4xx_it.o(i.UsageFault_Handler)
    i.__scatterload_copy                     0x0800192c   Section       14  handlers.o(i.__scatterload_copy)
    i.__scatterload_null                     0x0800193a   Section        2  handlers.o(i.__scatterload_null)
    i.__scatterload_zeroinit                 0x0800193c   Section       14  handlers.o(i.__scatterload_zeroinit)
    i.main                                   0x0800194c   Section        0  main.o(i.main)
    i.ms_delay                               0x08001b70   Section        0  main.o(i.ms_delay)
    i.send7seg                               0x08001b94   Section        0  main.o(i.send7seg)
    .constdata                               0x08001bfc   Section       16  system_stm32f4xx.o(.constdata)
    .data                                    0x20000000   Section       72  main.o(.data)
    .data                                    0x20000048   Section       12  stm32f4xx_hal.o(.data)
    .data                                    0x20000054   Section        4  system_stm32f4xx.o(.data)
    .bss                                     0x20000058   Section      148  main.o(.bss)
    STACK                                    0x200000f0   Section     1024  startup_stm32f412vx.o(STACK)

    Global Symbols

    Symbol Name                              Value     Ov Type        Size  Object(Section)

    BuildAttributes$$THM_ISAv4$E$P$D$K$B$S$7EM$VFPi3$EXTD16$VFPS$VFMA$PE$A:L22UL41UL21$X:L11$S22US41US21$IEEE1$IW$USESV6$~STKCKD$USESV7$~SHL$OSPACE$EBA8$MICROLIB$REQ8$PRES8$EABIv2 0x00000000   Number         0  anon$$obj.o ABSOLUTE
    __ARM_use_no_argv                        0x00000000   Number         0  main.o ABSOLUTE
    __cpp_initialize__aeabi_                  - Undefined Weak Reference
    __cxa_finalize                            - Undefined Weak Reference
    __decompress                              - Undefined Weak Reference
    _clock_init                               - Undefined Weak Reference
    _microlib_exit                            - Undefined Weak Reference
    __Vectors_Size                           0x000001c4   Number         0  startup_stm32f412vx.o ABSOLUTE
    __Vectors                                0x08000000   Data           4  startup_stm32f412vx.o(RESET)
    __Vectors_End                            0x080001c4   Data           0  startup_stm32f412vx.o(RESET)
    __main                                   0x080001c5   Thumb Code     0  entry.o(.ARM.Collect$$$$00000000)
    _main_stk                                0x080001c5   Thumb Code     0  entry2.o(.ARM.Collect$$$$00000001)
    _main_scatterload                        0x080001c9   Thumb Code     0  entry5.o(.ARM.Collect$$$$00000004)
    __main_after_scatterload                 0x080001cd   Thumb Code     0  entry5.o(.ARM.Collect$$$$00000004)
    _main_clock                              0x080001cd   Thumb Code     0  entry7b.o(.ARM.Collect$$$$00000008)
    _main_cpp_init                           0x080001cd   Thumb Code     0  entry8b.o(.ARM.Collect$$$$0000000A)
    _main_init                               0x080001cd   Thumb Code     0  entry9a.o(.ARM.Collect$$$$0000000B)
    __rt_final_cpp                           0x080001d5   Thumb Code     0  entry10a.o(.ARM.Collect$$$$0000000D)
    __rt_final_exit                          0x080001d5   Thumb Code     0  entry11a.o(.ARM.Collect$$$$0000000F)
    Reset_Handler                            0x080001d9   Thumb Code     8  startup_stm32f412vx.o(.text)
    ADC_IRQHandler                           0x080001f3   Thumb Code     0  startup_stm32f412vx.o(.text)
    CAN1_RX0_IRQHandler                      0x080001f3   Thumb Code     0  startup_stm32f412vx.o(.text)
    CAN1_RX1_IRQHandler                      0x080001f3   Thumb Code     0  startup_stm32f412vx.o(.text)
    CAN1_SCE_IRQHandler                      0x080001f3   Thumb Code     0  startup_stm32f412vx.o(.text)
    CAN1_TX_IRQHandler                       0x080001f3   Thumb Code     0  startup_stm32f412vx.o(.text)
    CAN2_RX0_IRQHandler                      0x080001f3   Thumb Code     0  startup_stm32f412vx.o(.text)
    CAN2_RX1_IRQHandler                      0x080001f3   Thumb Code     0  startup_stm32f412vx.o(.text)
    CAN2_SCE_IRQHandler                      0x080001f3   Thumb Code     0  startup_stm32f412vx.o(.text)
    CAN2_TX_IRQHandler                       0x080001f3   Thumb Code     0  startup_stm32f412vx.o(.text)
    DFSDM1_FLT0_IRQHandler                   0x080001f3   Thumb Code     0  startup_stm32f412vx.o(.text)
    DFSDM1_FLT1_IRQHandler                   0x080001f3   Thumb Code     0  startup_stm32f412vx.o(.text)
    DMA1_Stream0_IRQHandler                  0x080001f3   Thumb Code     0  startup_stm32f412vx.o(.text)
    DMA1_Stream1_IRQHandler                  0x080001f3   Thumb Code     0  startup_stm32f412vx.o(.text)
    DMA1_Stream2_IRQHandler                  0x080001f3   Thumb Code     0  startup_stm32f412vx.o(.text)
    DMA1_Stream3_IRQHandler                  0x080001f3   Thumb Code     0  startup_stm32f412vx.o(.text)
    DMA1_Stream4_IRQHandler                  0x080001f3   Thumb Code     0  startup_stm32f412vx.o(.text)
    DMA1_Stream5_IRQHandler                  0x080001f3   Thumb Code     0  startup_stm32f412vx.o(.text)
    DMA1_Stream6_IRQHandler                  0x080001f3   Thumb Code     0  startup_stm32f412vx.o(.text)
    DMA1_Stream7_IRQHandler                  0x080001f3   Thumb Code     0  startup_stm32f412vx.o(.text)
    DMA2_Stream0_IRQHandler                  0x080001f3   Thumb Code     0  startup_stm32f412vx.o(.text)
    DMA2_Stream1_IRQHandler                  0x080001f3   Thumb Code     0  startup_stm32f412vx.o(.text)
    DMA2_Stream2_IRQHandler                  0x080001f3   Thumb Code     0  startup_stm32f412vx.o(.text)
    DMA2_Stream3_IRQHandler                  0x080001f3   Thumb Code     0  startup_stm32f412vx.o(.text)
    DMA2_Stream4_IRQHandler                  0x080001f3   Thumb Code     0  startup_stm32f412vx.o(.text)
    DMA2_Stream5_IRQHandler                  0x080001f3   Thumb Code     0  startup_stm32f412vx.o(.text)
    DMA2_Stream6_IRQHandler                  0x080001f3   Thumb Code     0  startup_stm32f412vx.o(.text)
    DMA2_Stream7_IRQHandler                  0x080001f3   Thumb Code     0  startup_stm32f412vx.o(.text)
    EXTI0_IRQHandler                         0x080001f3   Thumb Code     0  startup_stm32f412vx.o(.text)
    EXTI15_10_IRQHandler                     0x080001f3   Thumb Code     0  startup_stm32f412vx.o(.text)
    EXTI1_IRQHandler                         0x080001f3   Thumb Code     0  startup_stm32f412vx.o(.text)
    EXTI2_IRQHandler                         0x080001f3   Thumb Code     0  startup_stm32f412vx.o(.text)
    EXTI3_IRQHandler                         0x080001f3   Thumb Code     0  startup_stm32f412vx.o(.text)
    EXTI4_IRQHandler                         0x080001f3   Thumb Code     0  startup_stm32f412vx.o(.text)
    EXTI9_5_IRQHandler                       0x080001f3   Thumb Code     0  startup_stm32f412vx.o(.text)
    FLASH_IRQHandler                         0x080001f3   Thumb Code     0  startup_stm32f412vx.o(.text)
    FMPI2C1_ER_IRQHandler                    0x080001f3   Thumb Code     0  startup_stm32f412vx.o(.text)
    FMPI2C1_EV_IRQHandler                    0x080001f3   Thumb Code     0  startup_stm32f412vx.o(.text)
    FPU_IRQHandler                           0x080001f3   Thumb Code     0  startup_stm32f412vx.o(.text)
    I2C1_ER_IRQHandler                       0x080001f3   Thumb Code     0  startup_stm32f412vx.o(.text)
    I2C1_EV_IRQHandler                       0x080001f3   Thumb Code     0  startup_stm32f412vx.o(.text)
    I2C2_ER_IRQHandler                       0x080001f3   Thumb Code     0  startup_stm32f412vx.o(.text)
    I2C2_EV_IRQHandler                       0x080001f3   Thumb Code     0  startup_stm32f412vx.o(.text)
    I2C3_ER_IRQHandler                       0x080001f3   Thumb Code     0  startup_stm32f412vx.o(.text)
    I2C3_EV_IRQHandler                       0x080001f3   Thumb Code     0  startup_stm32f412vx.o(.text)
    OTG_FS_IRQHandler                        0x080001f3   Thumb Code     0  startup_stm32f412vx.o(.text)
    OTG_FS_WKUP_IRQHandler                   0x080001f3   Thumb Code     0  startup_stm32f412vx.o(.text)
    PVD_IRQHandler                           0x080001f3   Thumb Code     0  startup_stm32f412vx.o(.text)
    QUADSPI_IRQHandler                       0x080001f3   Thumb Code     0  startup_stm32f412vx.o(.text)
    RCC_IRQHandler                           0x080001f3   Thumb Code     0  startup_stm32f412vx.o(.text)
    RNG_IRQHandler                           0x080001f3   Thumb Code     0  startup_stm32f412vx.o(.text)
    RTC_Alarm_IRQHandler                     0x080001f3   Thumb Code     0  startup_stm32f412vx.o(.text)
    RTC_WKUP_IRQHandler                      0x080001f3   Thumb Code     0  startup_stm32f412vx.o(.text)
    SDIO_IRQHandler                          0x080001f3   Thumb Code     0  startup_stm32f412vx.o(.text)
    SPI1_IRQHandler                          0x080001f3   Thumb Code     0  startup_stm32f412vx.o(.text)
    SPI2_IRQHandler                          0x080001f3   Thumb Code     0  startup_stm32f412vx.o(.text)
    SPI3_IRQHandler                          0x080001f3   Thumb Code     0  startup_stm32f412vx.o(.text)
    SPI4_IRQHandler                          0x080001f3   Thumb Code     0  startup_stm32f412vx.o(.text)
    SPI5_IRQHandler                          0x080001f3   Thumb Code     0  startup_stm32f412vx.o(.text)
    TAMP_STAMP_IRQHandler                    0x080001f3   Thumb Code     0  startup_stm32f412vx.o(.text)
    TIM1_BRK_TIM9_IRQHandler                 0x080001f3   Thumb Code     0  startup_stm32f412vx.o(.text)
    TIM1_CC_IRQHandler                       0x080001f3   Thumb Code     0  startup_stm32f412vx.o(.text)
    TIM1_TRG_COM_TIM11_IRQHandler            0x080001f3   Thumb Code     0  startup_stm32f412vx.o(.text)
    TIM1_UP_TIM10_IRQHandler                 0x080001f3   Thumb Code     0  startup_stm32f412vx.o(.text)
    TIM2_IRQHandler                          0x080001f3   Thumb Code     0  startup_stm32f412vx.o(.text)
    TIM3_IRQHandler                          0x080001f3   Thumb Code     0  startup_stm32f412vx.o(.text)
    TIM5_IRQHandler                          0x080001f3   Thumb Code     0  startup_stm32f412vx.o(.text)
    TIM6_IRQHandler                          0x080001f3   Thumb Code     0  startup_stm32f412vx.o(.text)
    TIM7_IRQHandler                          0x080001f3   Thumb Code     0  startup_stm32f412vx.o(.text)
    TIM8_BRK_TIM12_IRQHandler                0x080001f3   Thumb Code     0  startup_stm32f412vx.o(.text)
    TIM8_CC_IRQHandler                       0x080001f3   Thumb Code     0  startup_stm32f412vx.o(.text)
    TIM8_TRG_COM_TIM14_IRQHandler            0x080001f3   Thumb Code     0  startup_stm32f412vx.o(.text)
    TIM8_UP_TIM13_IRQHandler                 0x080001f3   Thumb Code     0  startup_stm32f412vx.o(.text)
    USART1_IRQHandler                        0x080001f3   Thumb Code     0  startup_stm32f412vx.o(.text)
    USART2_IRQHandler                        0x080001f3   Thumb Code     0  startup_stm32f412vx.o(.text)
    USART3_IRQHandler                        0x080001f3   Thumb Code     0  startup_stm32f412vx.o(.text)
    USART6_IRQHandler                        0x080001f3   Thumb Code     0  startup_stm32f412vx.o(.text)
    WWDG_IRQHandler                          0x080001f3   Thumb Code     0  startup_stm32f412vx.o(.text)
    __aeabi_uldivmod                         0x080001fd   Thumb Code    98  uldiv.o(.text)
    __aeabi_memset                           0x0800025f   Thumb Code    14  memseta.o(.text)
    __aeabi_memset4                          0x0800025f   Thumb Code     0  memseta.o(.text)
    __aeabi_memset8                          0x0800025f   Thumb Code     0  memseta.o(.text)
    __aeabi_memclr                           0x0800026d   Thumb Code     4  memseta.o(.text)
    __aeabi_memclr4                          0x0800026d   Thumb Code     0  memseta.o(.text)
    __aeabi_memclr8                          0x0800026d   Thumb Code     0  memseta.o(.text)
    _memset$wrapper                          0x08000271   Thumb Code    18  memseta.o(.text)
    __aeabi_llsl                             0x08000283   Thumb Code    30  llshl.o(.text)
    _ll_shift_l                              0x08000283   Thumb Code     0  llshl.o(.text)
    __aeabi_llsr                             0x080002a1   Thumb Code    32  llushr.o(.text)
    _ll_ushift_r                             0x080002a1   Thumb Code     0  llushr.o(.text)
    __scatterload                            0x080002c1   Thumb Code    28  init.o(.text)
    __scatterload_rt2                        0x080002c1   Thumb Code     0  init.o(.text)
    BusFault_Handler                         0x08000409   Thumb Code     2  stm32f4xx_it.o(i.BusFault_Handler)
    DebugMon_Handler                         0x0800040b   Thumb Code     2  stm32f4xx_it.o(i.DebugMon_Handler)
    Error_Handler                            0x0800040d   Thumb Code    28  main.o(i.Error_Handler)
    HAL_ADC_ConfigChannel                    0x08000431   Thumb Code   316  stm32f4xx_hal_adc.o(i.HAL_ADC_ConfigChannel)
    HAL_ADC_GetValue                         0x0800057d   Thumb Code     6  stm32f4xx_hal_adc.o(i.HAL_ADC_GetValue)
    HAL_ADC_Init                             0x08000583   Thumb Code    84  stm32f4xx_hal_adc.o(i.HAL_ADC_Init)
    HAL_ADC_MspInit                          0x080005d9   Thumb Code    84  stm32f4xx_hal_msp.o(i.HAL_ADC_MspInit)
    HAL_ADC_PollForConversion                0x08000639   Thumb Code   162  stm32f4xx_hal_adc.o(i.HAL_ADC_PollForConversion)
    HAL_ADC_Start                            0x080006dd   Thumb Code   170  stm32f4xx_hal_adc.o(i.HAL_ADC_Start)
    HAL_ADC_Stop                             0x08000799   Thumb Code    60  stm32f4xx_hal_adc.o(i.HAL_ADC_Stop)
    HAL_GPIO_Init                            0x080007d5   Thumb Code   378  stm32f4xx_hal_gpio.o(i.HAL_GPIO_Init)
    HAL_GPIO_WritePin                        0x08000979   Thumb Code    10  stm32f4xx_hal_gpio.o(i.HAL_GPIO_WritePin)
    HAL_GetTick                              0x08000985   Thumb Code     6  stm32f4xx_hal.o(i.HAL_GetTick)
    HAL_IncTick                              0x08000991   Thumb Code    12  stm32f4xx_hal.o(i.HAL_IncTick)
    HAL_Init                                 0x080009a1   Thumb Code    48  stm32f4xx_hal.o(i.HAL_Init)
    HAL_InitTick                             0x080009d5   Thumb Code    54  stm32f4xx_hal.o(i.HAL_InitTick)
    HAL_MspInit                              0x08000a15   Thumb Code    42  stm32f4xx_hal_msp.o(i.HAL_MspInit)
    HAL_NVIC_EnableIRQ                       0x08000a45   Thumb Code    22  stm32f4xx_hal_cortex.o(i.HAL_NVIC_EnableIRQ)
    HAL_NVIC_SetPriority                     0x08000a5d   Thumb Code    60  stm32f4xx_hal_cortex.o(i.HAL_NVIC_SetPriority)
    HAL_NVIC_SetPriorityGrouping             0x08000a9d   Thumb Code    26  stm32f4xx_hal_cortex.o(i.HAL_NVIC_SetPriorityGrouping)
    HAL_RCC_ClockConfig                      0x08000ac1   Thumb Code   286  stm32f4xx_hal_rcc.o(i.HAL_RCC_ClockConfig)
    HAL_RCC_GetSysClockFreq                  0x08000bf1   Thumb Code    88  stm32f4xx_hal_rcc.o(i.HAL_RCC_GetSysClockFreq)
    HAL_RCC_OscConfig                        0x08000c55   Thumb Code   778  stm32f4xx_hal_rcc_ex.o(i.HAL_RCC_OscConfig)
    HAL_SYSTICK_Config                       0x08000f79   Thumb Code    40  stm32f4xx_hal_cortex.o(i.HAL_SYSTICK_Config)
    HAL_TIMEx_MasterConfigSynchronization    0x08000fa1   Thumb Code    80  stm32f4xx_hal_tim_ex.o(i.HAL_TIMEx_MasterConfigSynchronization)
    HAL_TIM_Base_Init                        0x08000ff1   Thumb Code    54  stm32f4xx_hal_tim.o(i.HAL_TIM_Base_Init)
    HAL_TIM_Base_MspInit                     0x08001029   Thumb Code    50  stm32f4xx_hal_msp.o(i.HAL_TIM_Base_MspInit)
    HAL_TIM_Base_Start_IT                    0x08001065   Thumb Code    24  stm32f4xx_hal_tim.o(i.HAL_TIM_Base_Start_IT)
    HAL_TIM_ConfigClockSource                0x0800107d   Thumb Code   242  stm32f4xx_hal_tim.o(i.HAL_TIM_ConfigClockSource)
    HAL_TIM_OC_ConfigChannel                 0x0800116f   Thumb Code    86  stm32f4xx_hal_tim.o(i.HAL_TIM_OC_ConfigChannel)
    HAL_TIM_OC_Init                          0x080011c5   Thumb Code    54  stm32f4xx_hal_tim.o(i.HAL_TIM_OC_Init)
    HAL_TIM_OC_MspInit                       0x080011fb   Thumb Code     2  stm32f4xx_hal_tim.o(i.HAL_TIM_OC_MspInit)
    HAL_TIM_OC_Start_IT                      0x080011fd   Thumb Code    98  stm32f4xx_hal_tim.o(i.HAL_TIM_OC_Start_IT)
    HardFault_Handler                        0x08001269   Thumb Code     2  stm32f4xx_it.o(i.HardFault_Handler)
    MemManage_Handler                        0x080014e5   Thumb Code     2  stm32f4xx_it.o(i.MemManage_Handler)
    NMI_Handler                              0x080014e7   Thumb Code     2  stm32f4xx_it.o(i.NMI_Handler)
    PendSV_Handler                           0x08001509   Thumb Code     2  stm32f4xx_it.o(i.PendSV_Handler)
    SVC_Handler                              0x0800150b   Thumb Code     2  stm32f4xx_it.o(i.SVC_Handler)
    SysTick_Handler                          0x0800150d   Thumb Code     4  stm32f4xx_it.o(i.SysTick_Handler)
    SystemClock_Config                       0x08001511   Thumb Code   136  main.o(i.SystemClock_Config)
    SystemInit                               0x080015a1   Thumb Code    66  system_stm32f4xx.o(i.SystemInit)
    TIM4_IRQHandler                          0x080015f5   Thumb Code   128  main.o(i.TIM4_IRQHandler)
    TIM_Base_SetConfig                       0x0800167d   Thumb Code   148  stm32f4xx_hal_tim.o(i.TIM_Base_SetConfig)
    TIM_CCxChannelCmd                        0x0800173d   Thumb Code    22  stm32f4xx_hal_tim.o(i.TIM_CCxChannelCmd)
    TIM_OC2_SetConfig                        0x080017d1   Thumb Code    90  stm32f4xx_hal_tim.o(i.TIM_OC2_SetConfig)
    UsageFault_Handler                       0x0800192b   Thumb Code     2  stm32f4xx_it.o(i.UsageFault_Handler)
    __scatterload_copy                       0x0800192d   Thumb Code    14  handlers.o(i.__scatterload_copy)
    __scatterload_null                       0x0800193b   Thumb Code     2  handlers.o(i.__scatterload_null)
    __scatterload_zeroinit                   0x0800193d   Thumb Code    14  handlers.o(i.__scatterload_zeroinit)
    main                                     0x0800194d   Thumb Code   522  main.o(i.main)
    ms_delay                                 0x08001b71   Thumb Code    34  main.o(i.ms_delay)
    send7seg                                 0x08001b95   Thumb Code   100  main.o(i.send7seg)
    AHBPrescTable                            0x08001bfc   Data          16  system_stm32f4xx.o(.constdata)
    Region$$Table$$Base                      0x08001c0c   Number         0  anon$$obj.o(Region$$Table)
    Region$$Table$$Limit                     0x08001c2c   Number         0  anon$$obj.o(Region$$Table)
    ptr                                      0x20000000   Data           4  main.o(.data)
    numbers                                  0x20000004   Data          68  main.o(.data)
    uwTickFreq                               0x20000048   Data           1  stm32f4xx_hal.o(.data)
    uwTickPrio                               0x2000004c   Data           4  stm32f4xx_hal.o(.data)
    uwTick                                   0x20000050   Data           4  stm32f4xx_hal.o(.data)
    SystemCoreClock                          0x20000054   Data           4  system_stm32f4xx.o(.data)
    TIM4ITLEDs                               0x20000058   Data          16  main.o(.bss)
    hadc1                                    0x20000068   Data          72  main.o(.bss)
    htim4                                    0x200000b0   Data          60  main.o(.bss)
    __initial_sp                             0x200004f0   Data           0  startup_stm32f412vx.o(STACK)



==============================================================================

Memory Map of the image

  Image Entry point : 0x080001c5

  Load Region LR_IROM1 (Base: 0x08000000, Size: 0x00001c84, Max: 0x00080000, ABSOLUTE)

    Execution Region ER_IROM1 (Exec base: 0x08000000, Load base: 0x08000000, Size: 0x00001c2c, Max: 0x00080000, ABSOLUTE)

    Exec Addr    Load Addr    Size         Type   Attr      Idx    E Section Name        Object

    0x08000000   0x08000000   0x000001c4   Data   RO            3    RESET               startup_stm32f412vx.o
    0x080001c4   0x080001c4   0x00000000   Code   RO         2626  * .ARM.Collect$$$$00000000  mc_w.l(entry.o)
    0x080001c4   0x080001c4   0x00000004   Code   RO         2633    .ARM.Collect$$$$00000001  mc_w.l(entry2.o)
    0x080001c8   0x080001c8   0x00000004   Code   RO         2636    .ARM.Collect$$$$00000004  mc_w.l(entry5.o)
    0x080001cc   0x080001cc   0x00000000   Code   RO         2638    .ARM.Collect$$$$00000008  mc_w.l(entry7b.o)
    0x080001cc   0x080001cc   0x00000000   Code   RO         2640    .ARM.Collect$$$$0000000A  mc_w.l(entry8b.o)
    0x080001cc   0x080001cc   0x00000008   Code   RO         2641    .ARM.Collect$$$$0000000B  mc_w.l(entry9a.o)
    0x080001d4   0x080001d4   0x00000000   Code   RO         2643    .ARM.Collect$$$$0000000D  mc_w.l(entry10a.o)
    0x080001d4   0x080001d4   0x00000000   Code   RO         2645    .ARM.Collect$$$$0000000F  mc_w.l(entry11a.o)
    0x080001d4   0x080001d4   0x00000004   Code   RO         2634    .ARM.Collect$$$$00002712  mc_w.l(entry2.o)
    0x080001d8   0x080001d8   0x00000024   Code   RO            4    .text               startup_stm32f412vx.o
    0x080001fc   0x080001fc   0x00000062   Code   RO         2629    .text               mc_w.l(uldiv.o)
    0x0800025e   0x0800025e   0x00000024   Code   RO         2631    .text               mc_w.l(memseta.o)
    0x08000282   0x08000282   0x0000001e   Code   RO         2647    .text               mc_w.l(llshl.o)
    0x080002a0   0x080002a0   0x00000020   Code   RO         2649    .text               mc_w.l(llushr.o)
    0x080002c0   0x080002c0   0x00000024   Code   RO         2651    .text               mc_w.l(init.o)
    0x080002e4   0x080002e4   0x00000124   Code   RO          314    i.ADC_Init          stm32f4xx_hal_adc.o
    0x08000408   0x08000408   0x00000002   Code   RO          187    i.BusFault_Handler  stm32f4xx_it.o
    0x0800040a   0x0800040a   0x00000002   Code   RO          188    i.DebugMon_Handler  stm32f4xx_it.o
    0x0800040c   0x0800040c   0x00000024   Code   RO           13    i.Error_Handler     main.o
    0x08000430   0x08000430   0x0000014c   Code   RO          316    i.HAL_ADC_ConfigChannel  stm32f4xx_hal_adc.o
    0x0800057c   0x0800057c   0x00000006   Code   RO          323    i.HAL_ADC_GetValue  stm32f4xx_hal_adc.o
    0x08000582   0x08000582   0x00000054   Code   RO          325    i.HAL_ADC_Init      stm32f4xx_hal_adc.o
    0x080005d6   0x080005d6   0x00000002   PAD
    0x080005d8   0x080005d8   0x00000060   Code   RO          264    i.HAL_ADC_MspInit   stm32f4xx_hal_msp.o
    0x08000638   0x08000638   0x000000a2   Code   RO          329    i.HAL_ADC_PollForConversion  stm32f4xx_hal_adc.o
    0x080006da   0x080006da   0x00000002   PAD
    0x080006dc   0x080006dc   0x000000bc   Code   RO          331    i.HAL_ADC_Start     stm32f4xx_hal_adc.o
    0x08000798   0x08000798   0x0000003c   Code   RO          334    i.HAL_ADC_Stop      stm32f4xx_hal_adc.o
    0x080007d4   0x080007d4   0x000001a4   Code   RO         1877    i.HAL_GPIO_Init     stm32f4xx_hal_gpio.o
    0x08000978   0x08000978   0x0000000a   Code   RO         1881    i.HAL_GPIO_WritePin  stm32f4xx_hal_gpio.o
    0x08000982   0x08000982   0x00000002   PAD
    0x08000984   0x08000984   0x0000000c   Code   RO         2433    i.HAL_GetTick       stm32f4xx_hal.o
    0x08000990   0x08000990   0x00000010   Code   RO         2437    i.HAL_IncTick       stm32f4xx_hal.o
    0x080009a0   0x080009a0   0x00000034   Code   RO         2438    i.HAL_Init          stm32f4xx_hal.o
    0x080009d4   0x080009d4   0x00000040   Code   RO         2439    i.HAL_InitTick      stm32f4xx_hal.o
    0x08000a14   0x08000a14   0x00000030   Code   RO          265    i.HAL_MspInit       stm32f4xx_hal_msp.o
    0x08000a44   0x08000a44   0x00000016   Code   RO         2290    i.HAL_NVIC_EnableIRQ  stm32f4xx_hal_cortex.o
    0x08000a5a   0x08000a5a   0x00000002   PAD
    0x08000a5c   0x08000a5c   0x00000040   Code   RO         2296    i.HAL_NVIC_SetPriority  stm32f4xx_hal_cortex.o
    0x08000a9c   0x08000a9c   0x00000024   Code   RO         2297    i.HAL_NVIC_SetPriorityGrouping  stm32f4xx_hal_cortex.o
    0x08000ac0   0x08000ac0   0x00000130   Code   RO         1457    i.HAL_RCC_ClockConfig  stm32f4xx_hal_rcc.o
    0x08000bf0   0x08000bf0   0x00000064   Code   RO         1466    i.HAL_RCC_GetSysClockFreq  stm32f4xx_hal_rcc.o
    0x08000c54   0x08000c54   0x00000324   Code   RO         1566    i.HAL_RCC_OscConfig  stm32f4xx_hal_rcc_ex.o
    0x08000f78   0x08000f78   0x00000028   Code   RO         2301    i.HAL_SYSTICK_Config  stm32f4xx_hal_cortex.o
    0x08000fa0   0x08000fa0   0x00000050   Code   RO         1234    i.HAL_TIMEx_MasterConfigSynchronization  stm32f4xx_hal_tim_ex.o
    0x08000ff0   0x08000ff0   0x00000036   Code   RO          588    i.HAL_TIM_Base_Init  stm32f4xx_hal_tim.o
    0x08001026   0x08001026   0x00000002   PAD
    0x08001028   0x08001028   0x0000003c   Code   RO          267    i.HAL_TIM_Base_MspInit  stm32f4xx_hal_msp.o
    0x08001064   0x08001064   0x00000018   Code   RO          593    i.HAL_TIM_Base_Start_IT  stm32f4xx_hal_tim.o
    0x0800107c   0x0800107c   0x000000f2   Code   RO          597    i.HAL_TIM_ConfigClockSource  stm32f4xx_hal_tim.o
    0x0800116e   0x0800116e   0x00000056   Code   RO          631    i.HAL_TIM_OC_ConfigChannel  stm32f4xx_hal_tim.o
    0x080011c4   0x080011c4   0x00000036   Code   RO          635    i.HAL_TIM_OC_Init   stm32f4xx_hal_tim.o
    0x080011fa   0x080011fa   0x00000002   Code   RO          637    i.HAL_TIM_OC_MspInit  stm32f4xx_hal_tim.o
    0x080011fc   0x080011fc   0x0000006c   Code   RO          640    i.HAL_TIM_OC_Start_IT  stm32f4xx_hal_tim.o
    0x08001268   0x08001268   0x00000002   Code   RO          189    i.HardFault_Handler  stm32f4xx_it.o
    0x0800126a   0x0800126a   0x00000002   PAD
    0x0800126c   0x0800126c   0x0000007c   Code   RO           14    i.MX_ADC1_Init      main.o
    0x080012e8   0x080012e8   0x0000013c   Code   RO           15    i.MX_GPIO_Init      main.o
    0x08001424   0x08001424   0x000000c0   Code   RO           16    i.MX_TIM4_Init      main.o
    0x080014e4   0x080014e4   0x00000002   Code   RO          190    i.MemManage_Handler  stm32f4xx_it.o
    0x080014e6   0x080014e6   0x00000002   Code   RO          191    i.NMI_Handler       stm32f4xx_it.o
    0x080014e8   0x080014e8   0x00000020   Code   RO         2303    i.NVIC_SetPriority  stm32f4xx_hal_cortex.o
    0x08001508   0x08001508   0x00000002   Code   RO          192    i.PendSV_Handler    stm32f4xx_it.o
    0x0800150a   0x0800150a   0x00000002   Code   RO          193    i.SVC_Handler       stm32f4xx_it.o
    0x0800150c   0x0800150c   0x00000004   Code   RO          194    i.SysTick_Handler   stm32f4xx_it.o
    0x08001510   0x08001510   0x00000090   Code   RO           17    i.SystemClock_Config  main.o
    0x080015a0   0x080015a0   0x00000054   Code   RO         2592    i.SystemInit        system_stm32f4xx.o
    0x080015f4   0x080015f4   0x00000088   Code   RO           18    i.TIM4_IRQHandler   main.o
    0x0800167c   0x0800167c   0x000000c0   Code   RO          672    i.TIM_Base_SetConfig  stm32f4xx_hal_tim.o
    0x0800173c   0x0800173c   0x00000016   Code   RO          673    i.TIM_CCxChannelCmd  stm32f4xx_hal_tim.o
    0x08001752   0x08001752   0x00000014   Code   RO          679    i.TIM_ETR_SetConfig  stm32f4xx_hal_tim.o
    0x08001766   0x08001766   0x00000010   Code   RO          680    i.TIM_ITRx_SetConfig  stm32f4xx_hal_tim.o
    0x08001776   0x08001776   0x00000002   PAD
    0x08001778   0x08001778   0x00000058   Code   RO          681    i.TIM_OC1_SetConfig  stm32f4xx_hal_tim.o
    0x080017d0   0x080017d0   0x00000064   Code   RO          682    i.TIM_OC2_SetConfig  stm32f4xx_hal_tim.o
    0x08001834   0x08001834   0x00000060   Code   RO          683    i.TIM_OC3_SetConfig  stm32f4xx_hal_tim.o
    0x08001894   0x08001894   0x00000050   Code   RO          684    i.TIM_OC4_SetConfig  stm32f4xx_hal_tim.o
    0x080018e4   0x080018e4   0x00000022   Code   RO          686    i.TIM_TI1_ConfigInputStage  stm32f4xx_hal_tim.o
    0x08001906   0x08001906   0x00000024   Code   RO          688    i.TIM_TI2_ConfigInputStage  stm32f4xx_hal_tim.o
    0x0800192a   0x0800192a   0x00000002   Code   RO          195    i.UsageFault_Handler  stm32f4xx_it.o
    0x0800192c   0x0800192c   0x0000000e   Code   RO         2655    i.__scatterload_copy  mc_w.l(handlers.o)
    0x0800193a   0x0800193a   0x00000002   Code   RO         2656    i.__scatterload_null  mc_w.l(handlers.o)
    0x0800193c   0x0800193c   0x0000000e   Code   RO         2657    i.__scatterload_zeroinit  mc_w.l(handlers.o)
    0x0800194a   0x0800194a   0x00000002   PAD
    0x0800194c   0x0800194c   0x00000224   Code   RO           19    i.main              main.o
    0x08001b70   0x08001b70   0x00000022   Code   RO           20    i.ms_delay          main.o
    0x08001b92   0x08001b92   0x00000002   PAD
    0x08001b94   0x08001b94   0x00000068   Code   RO           21    i.send7seg          main.o
    0x08001bfc   0x08001bfc   0x00000010   Data   RO         2593    .constdata          system_stm32f4xx.o
    0x08001c0c   0x08001c0c   0x00000020   Data   RO         2653    Region$$Table       anon$$obj.o


    Execution Region RW_IRAM1 (Exec base: 0x20000000, Load base: 0x08001c2c, Size: 0x000004f0, Max: 0x00040000, ABSOLUTE)

    Exec Addr    Load Addr    Size         Type   Attr      Idx    E Section Name        Object

    0x20000000   0x08001c2c   0x00000048   Data   RW           28    .data               main.o
    0x20000048   0x08001c74   0x0000000c   Data   RW         2445    .data               stm32f4xx_hal.o
    0x20000054   0x08001c80   0x00000004   Data   RW         2595    .data               system_stm32f4xx.o
    0x20000058        -       0x00000094   Zero   RW           22    .bss                main.o
    0x200000ec   0x08001c84   0x00000004   PAD
    0x200000f0        -       0x00000400   Zero   RW            1    STACK               startup_stm32f412vx.o


==============================================================================

Image component sizes


      Code (inc. data)   RO Data    RW Data    ZI Data      Debug   Object Name

      1634        102          0         72        148     654740   main.o
        36          8        452          0       1024        852   startup_stm32f412vx.o
       144         24          0         12          0       4037   stm32f4xx_hal.o
      1124         46          0          0          0       5989   stm32f4xx_hal_adc.o
       194         14          0          0          0      30503   stm32f4xx_hal_cortex.o
       430         42          0          0          0       2464   stm32f4xx_hal_gpio.o
       204         28          0          0          0       2231   stm32f4xx_hal_msp.o
       404         30          0          0          0       2550   stm32f4xx_hal_rcc.o
       804         26          0          0          0       1884   stm32f4xx_hal_rcc_ex.o
      1254         90          0          0          0      13409   stm32f4xx_hal_tim.o
        80          0          0          0          0       1324   stm32f4xx_hal_tim_ex.o
        20          0          0          0          0       4226   stm32f4xx_it.o
        84         18         16          4          0       1207   system_stm32f4xx.o

    ----------------------------------------------------------------------
      6428        428        500         88       1176     725416   Object Totals
         0          0         32          0          0          0   (incl. Generated)
        16          0          0          0          4          0   (incl. Padding)

    ----------------------------------------------------------------------

      Code (inc. data)   RO Data    RW Data    ZI Data      Debug   Library Member Name

         0          0          0          0          0          0   entry.o
         0          0          0          0          0          0   entry10a.o
         0          0          0          0          0          0   entry11a.o
         8          4          0          0          0          0   entry2.o
         4          0          0          0          0          0   entry5.o
         0          0          0          0          0          0   entry7b.o
         0          0          0          0          0          0   entry8b.o
         8          4          0          0          0          0   entry9a.o
        30          0          0          0          0          0   handlers.o
        36          8          0          0          0         68   init.o
        30          0          0          0          0         68   llshl.o
        32          0          0          0          0         68   llushr.o
        36          0          0          0          0        108   memseta.o
        98          0          0          0          0         92   uldiv.o

    ----------------------------------------------------------------------
       284         16          0          0          0        404   Library Totals
         2          0          0          0          0          0   (incl. Padding)

    ----------------------------------------------------------------------

      Code (inc. data)   RO Data    RW Data    ZI Data      Debug   Library Name

       282         16          0          0          0        404   mc_w.l

    ----------------------------------------------------------------------
       284         16          0          0          0        404   Library Totals

    ----------------------------------------------------------------------

==============================================================================


      Code (inc. data)   RO Data    RW Data    ZI Data      Debug   

      6712        444        500         88       1176     720520   Grand Totals
      6712        444        500         88       1176     720520   ELF Image Totals
      6712        444        500         88          0          0   ROM Totals

==============================================================================

    Total RO  Size (Code + RO Data)                 7212 (   7.04kB)
    Total RW  Size (RW Data + ZI Data)              1264 (   1.23kB)
    Total ROM Size (Code + RO Data + RW Data)       7300 (   7.13kB)

==============================================================================

